# 📊 N2 衝刺計畫 - 學習狀態儀表板
Last Updated: 2026-03-04 13:11:31

## 📈 目前能力值 (雙軌制)
- **中翻日等級 (輸出)**: Lv 1.00
- **日翻中等級 (輸入)**: Lv 1.00
- **衝刺進度**: Day 33 / 180
- **狀態評語**: ⚠️ 落後警報：你已經落後計畫 32 天了！距離 N2 越來越遠囉？皮繃緊一點！
- **連續登入**: 1 天

## ⚔️ 訓練數據
- **執行回數**: 34 回
- **累積答題**: 0 (今日計數)
- **上次更新 ID**: 466189710

---
> 以下為對話紀錄 (由新到舊排序)

=== 📜 HISTORY LOGS START ===

### 🗓️ 2026-03-04 Execution
[13:11:09] ⚙️ Sys: Checking for updates...
[13:11:10] ⚙️ Sys: No new user messages found.
[13:11:10] 🤖 Bot: 🗝️ **前次測驗詳解**

⚔️ 解答卷

各位 N2 衝刺班的戰士，答得如何？是不是又想跟我說「我沒有在睡覺，我只是閉目養神」？哼，藉口！ 快來看看你的答案對不對，有沒有把弱點詞都抓牢！

📚 今日單字庫 (含弱點 🔥)

🔹 浴びる (あびる) - 淋浴
🔹 下がる (さがる) - 下降
🔹 提供 (ていきょう) - 提供/贊助 🔥
🔹 食べる (たべる) - 吃
🔹 我慢 (がまん) - 忍耐 🔥
🔹 洗う (あらう) - 洗
🔹 溶かす (とかす) - 溶解
🔹 混ぜる (まぜる) - 攪拌
🔹 深刻 (しんこく) - 嚴肅/嚴重 🔥

📝 翻譯測驗：參考答案與解析

🔹 中翻日 (7題) - Lv 1.0 (新手):

1.  這是一個嚴重的問題。
    參考答案：これは**深刻**な問題だ。
    解析：弱點詞「深刻 (しんこく)」作形容動詞時，修飾名詞用「深刻な」。N5句型簡單直白。

2.  這間店提供美味的咖啡。
    參考答案：この店は美味しいコーヒーを**提供**しています。
    解析：弱點詞「提供 (ていきょう)」常與助詞「を」搭配，表示「提供O」。

3.  請忍耐一下。
    參考答案：少し**我慢**してください。
    解析：弱點詞「我慢 (がまん)」可以作為名詞或動詞詞幹，這裡與「してください」結合表示請求忍耐。

4.  每天早上我都會淋浴。
    參考答案：毎朝シャワーを**浴びます**。
    解析：「シャワーを浴びる (あびる)」是固定的搭配用法，表示「淋浴」。

5.  氣溫下降了。
    參考答案：気温が**下がりました**。
    解析：「下がる (さがる)」是自動詞，表示「下降、落下」。助詞用「が」。

6.  我想吃拉麵。
    參考答案：ラーメンを**食べたい**です。
    解析：「食べる (たべる)」的意志形「食べたい」表示「想吃」。

7.  請洗手。
    參考答案：手を**洗って**ください。
    解析：「洗う (あらう)」的て形加上「ください」表示請求。

🔹 日翻中 (3題) - Lv 1.0 (新手):

8.  最近、環境問題が深刻になっています。
    參考答案：最近，環境問題變得嚴重了。
    解析：「深刻 (しんこく)」在此表示「嚴重」，「～になっています」表示狀態的變化。

9.  砂糖を水に溶かします。
    參考答案：把糖溶解在水裡。
    解析：「溶かす (とかす)」是他動詞，表示「溶解」某物。「水に」表示溶解的場所。

10. 牛乳とジュースを混ぜないでください。
    參考答案：請不要把牛奶和果汁混在一起。
    解析：「混ぜる (まぜる)」是他動詞，表示「攪拌、混合」。這裡使用否定命令形「混ぜないでください」。

這就是今天的全部內容！檢討完畢，是不是覺得腦袋清醒多了？很好！我們雖然落後了 31 天，但只要每天都扎實地向前邁進一步，N2 就不會只是個遙遠的夢！繼續加油，明天見！
[13:11:30] 🤖 Bot: 嘿，小笨蛋！別躲了，我看到你那充滿罪惡感的臉了！外面天氣雖然多雲，但肯定沒有你N2的未來烏雲密佈啊！

昨日表現：必修 0/10。狀態：偷懶！
這成績單，看得我心頭一陣絞痛，比吃到芥末壽司還難受！你以為這是 Day 33 嗎？不！我們已經落後計畫 32 天了！這根本不是 Day 33，這是我們的第 34 次特訓 (Day 1)！對，沒錯，Day 1！你把之前的 32 天都拿去冬眠了是吧？N2報名費是白繳的嗎？這筆錢，足夠你多吃幾頓高級日料了，結果現在卻變成你「拖延證明」的贊助費！

距離 N2 越來越遠囉？皮繃緊一點！今天，如果你敢再敷衍了事，我就要把你昨天那張睡到流口水的照片做成巨大海報，貼在N2考場門口！聽懂了沒？廢話不多說，給我動起來！

📚 今日單字庫預習 (弱點 🔥 請特別留意，再搞錯就去罰站！)：

蒸す (むす) (蒸)
逃れる (のがれる) (逃離)
迷う (まよう) (迷路)
煮る (にる) (煮)
削る (けずる) (削)
深刻 (しんこく) (嚴肅/嚴重) 🔥
我慢 (がまん) (忍耐) 🔥
提供 (ていきょう) (提供/贊助) 🔥
補給 (ほきゅう) (補給)
凍る (こおる) (結冰)

---
📝 **題目卷**

🔹 **中翻日 (7題)**

1.  這是一個非常嚴重的問題，我們必須認真思考。
2.  請再忍耐一下，勝利就在眼前。
3.  這家咖啡廳提供免費的無線網路。
4.  我媽媽正在蒸玉米。
5.  他成功地逃離了警察的追捕。
6.  我在車站前迷路了。
7.  請你把鉛筆削尖。

🔹 **日翻中 (3題)**

8.  登山チームは途中で食料を補給した。
9.  寒い冬の朝、湖の水が凍っていた。
10. 彼女は深刻な表情で私の話を聞いてくれた。

----------------------------------------

### 🗓️ 2026-03-03 Execution
[13:15:52] ⚙️ Sys: Checking for updates...
[13:15:53] ⚙️ Sys: No new user messages found.
[13:15:53] 🤖 Bot: 🗝️ **前次測驗詳解**

⚔️ N2衝刺班 Day 31/180 - 第 32 次特訓 (Day 1) 解答卷 📝

🔹 中翻日測驗 (參考解答)

1.  這個問題很嚴重。
    *   **參考答案：** この問題は**深刻**です。
    *   **解析：** 「問題」是「問題 (もんだい)」，「嚴重」使用弱點詞「深刻 (しんこく)」。句型是「名詞は形容動詞です」。

2.  請你再忍耐一下。
    *   **參考答案：** もう少し**我慢**してください。
    *   **解析：** 「再」是「もう少し (もうすこし)」表示「再一點點」。「忍耐」使用弱點詞「我慢 (がまん)」。請對方做某事用「〜てください」。

3.  我每天都會煮飯。
    *   **參考答案：** 私は毎日ご飯を**炊きます**。
    *   **解析：** 「我」是「私 (わたし)」，「每天」是「毎日 (まいにち)」，「煮飯」是「ご飯を炊く (ごはんをたく)」。

4.  這台舊手機很容易壞。
    *   **參考答案：** この古い携帯電話はすぐに**壊れます**。
    *   **解析：** 「這台」是「この」，「舊手機」是「古い携帯電話 (ふるいけいたいでんわ)」。這裡的「壞」是自動詞「壊れる (こわれる)」，表示「東西壞掉」的狀態。

5.  請把牛奶和果汁混合。
    *   **參考答案：** 牛乳とジュースを**混ぜて**ください。
    *   **解析：** 「牛奶」是「牛乳 (ぎゅうにゅう)」，「果汁」是「ジュース」。「混合」使用動詞「混ぜる (まぜる)」。請對方做某事用「〜てください」。

6.  我想要逃離繁忙的都市生活。
    *   **參考答案：** 忙しい都会の生活から**逃れたい**です。
    *   **解析：** 「繁忙的」是「忙しい (いそがしい)」，「都市生活」是「都会の生活 (とかいのせいかつ)」。從某處逃離用「〜から逃れる」。「想要做某事」是「動詞ます形 + たい」。

7.  運動後需要補給水分。
    *   **參考答案：** 運動の後で水分を**補給**する必要があります。
    *   **解析：** 「運動後」是「運動の後 (うんどうのあと)」，「水分」是「水分 (すいぶん)」。需要做某事用「〜必要があります (ひつようがあります)」。

🔹 日翻中測驗 (參考解答)

8.  あの店は新鮮な野菜を**提供**しています。
    *   **參考答案：** 那家店提供新鮮的蔬菜。
    *   **解析：** 「あの店 (あの みせ)」是「那家店」。「新鮮な野菜 (しんせんなやさい)」是「新鮮的蔬菜」。「提供する (ていきょうする)」是「提供」。

9.  昨日は疲れていたので、早く**寝ました**。
    *   **參考答案：** 昨天因為很累，所以很早就睡了。
    *   **解析：** 「昨日 (きのう)」是「昨天」。「疲れていたので (つかれていたので)」是「因為很累 (持續狀態)」。「早く (はやく)」是「早點」。「寝る (ねる)」是「睡覺」。

10. 危険な場所から**逃れる**のは大切です。
    *   **參考答案：** 逃離危險的地方是很重要的。
    *   **解析：** 「危険な場所 (きけんなばしょ)」是「危險的地方」。「〜から逃れる (のがれる)」是「從〜逃離」。「〜のは大切です (〜のはたいせつです)」表示「做某事是很重要的」。
[13:16:15] 🤖 Bot: 各位N2衝刺班的勇者，啊不，今天更像是... 睡美人？

⚔️ 開場白

艷陽高照，蟬鳴聲聲，多麼適合衝刺 N2 的大好日子啊... 還是適合補眠？ 哎唷喂！我的戰友啊，看看這成績：昨日表現必修 0/10，狀態：偷懶！ 這不是 Day 32 該有的表現吧？這是我們的第 33 次特訓 (Day 1)！結果一開始就給我跑去睡覺？

⚠️ 落後警報：你已經落後計畫 31 天了！距離 N2 越來越遠囉？這時候躺平，對得起你當初繳的 N2 報名費嗎？還有那些信誓旦旦的承諾呢？別再裝睡了，夢裡什麼都有，但 N2 證書絕對不會自己長出來！今天教練我就要把你從夢裡拖出來，讓你清醒清醒！

今日雙軌難度雖然只是 Lv 1.0，但這正是要幫你打好基礎、彌補進度的關鍵啊！不把這些單字刻在腦子裡，怎麼迎接後面的魔王關卡？來吧！今天的目標，不是讓你及格，是讓你把這些詞彙吃好吃滿！

📚 今日單字庫 (含弱點 🔥) 預習：

🔹 浴びる (あびる) - 淋浴
🔹 下がる (さがる) - 下降
🔹 提供 (ていきょう) - 提供/贊助 🔥
🔹 食べる (たべる) - 吃
🔹 我慢 (がまん) - 忍耐 🔥
🔹 洗う (あらう) - 洗
🔹 溶かす (とかす) - 溶解
🔹 混ぜる (まぜる) - 攪拌
🔹 深刻 (しんこく) - 嚴肅/嚴重 🔥

📝 翻譯測驗

準備好了嗎？深呼吸，把那些睡意通通給我趕跑！

🔹 中翻日 (7題) - Lv 1.0 (新手):

1.  這是一個嚴重的問題。
2.  這間店提供美味的咖啡。
3.  請忍耐一下。
4.  每天早上我都會淋浴。
5.  氣溫下降了。
6.  我想吃拉麵。
7.  請洗手。

🔹 日翻中 (3題) - Lv 1.0 (新手):

8.  最近、環境問題が深刻になっています。
9.  砂糖を水に溶かします。
10. 牛乳とジュースを混ぜないでください。

加把勁啊！距離 N2 雖然還有點距離，但不是不可能的任務！只要你不放棄！

----------------------------------------

### 🗓️ 2026-03-02 Execution
[13:17:34] ⚙️ Sys: Checking for updates...
[13:17:35] ⚙️ Sys: No new user messages found.
[13:17:35] 🤖 Bot: 🗝️ **前次測驗詳解**

⚔️ N2 衝刺班 Day 30/180 特訓 (Day 1)！

⚠️ 落後警報：你已經落後計畫 30 天了！距離 N2 越來越遠囉？皮繃緊一點！

好了，別哭喪著臉，知道自己哪裡沒搞清楚才是進步的開始。不過，今天的題目有答對幾題，你自己心裡有數嗎？我可不接受「不知道」這種回答，因為 N2 不會給你「不知道」的選項！

📚 今日單字預習：

🔹 提供 (提供/贊助) 🔥
🔹 我慢 (忍耐) 🔥
🔹 曲がる (轉彎)
🔹 深刻 (嚴肅/嚴重) 🔥
🔹 直る (修復)
🔹 下がる (下降)
🔹 むく (剝皮)

✅ 解答卷：

【中翻日 🇯🇵 (Lv 1.0)】

1.  **這件事對他來說很嚴重。**
    *   參考答案：これは彼にとって深刻な問題です。
    *   解析：
        *   「嚴重」可以使用「深刻（しんこく）」來表達事件或問題的嚴重性。
        *   「對於～來說」常用「～にとって」。
        *   「問題（もんだい）」在此處是比較自然的搭配。

2.  **請再忍耐一下。**
    *   參考答案：もう少し我慢してください。
    *   解析：
        *   「忍耐」是「我慢（がまん）」。「～してください」是請對方做某事的禮貌表達。
        *   「もう少し（もうすこし）」表示「再一點、再一下」。

3.  **車站有提供免費Wi-Fi。**
    *   參考答案：駅では無料Wi-Fiが提供されています。
    *   解析：
        *   「提供」是「提供する（ていきょうする）」。
        *   此處使用被動態「提供されています」更為自然，表示「有被提供、有提供服務」。

4.  **請在下一個紅綠燈轉彎。**
    *   參考答案：次の信号を曲がってください。
    *   解析：
        *   「下一個」是「次の（つぎの）」。
        *   「紅綠燈」是「信号（しんごう）」。
        *   「轉彎」是「曲がる（まがる）」，接續「を」表示經過或轉向的點。

5.  **這個故障的冰箱修好了。**
    *   參考答案：この壊れた冷蔵庫は直りました。
    *   解析：
        *   「故障的」是「壊れた（こわれた）」。
        *   「冰箱」是「冷蔵庫（れいぞうこ）」。
        *   「修好」是「直る（なおる）」，是自動詞，表示「某物被修好了」的狀態。

6.  **氣溫下降了。**
    *   參考答案：気温が下がりました。
    *   解析：
        *   「氣溫」是「気温（きおん）」。
        *   「下降」是「下がる（さがる）」，是自動詞，表示溫度、程度、高度等自然地降低。

7.  **她正在剝蘋果皮。**
    *   參考答案：彼女はりんごの皮をむいています。
    *   解析：
        *   「她」是「彼女（かのじょ）」。
        *   「蘋果」是「りんご」，「皮」是「皮（かわ）」。
        *   「剝皮」是「むく」，「～ている」表示正在進行的動作。

【日翻中 🇹🇼 (Lv 1.0)】

8.  **最近の経済状況は深刻な影響を及ぼしています。**
    *   參考答案：最近的經濟狀況正造成嚴重的影響。
    *   解析：
        *   「最近（さいきん）の経済状況（けいざいじょうきょう）」：最近的經濟狀況。
        *   「深刻（しんこく）な影響（えいきょう）」：嚴重的影響。
        *   「及（およ）ぼしています」：正在造成、正在給予（影響）。

9.  **この道をまっすぐ行くと、右に曲がる角があります。**
    *   參考答案：沿著這條路直走的話，會有一個轉向右邊的轉角。
    *   解析：
        *   「この道（みち）をまっすぐ行（い）くと」：沿著這條路直走的話（「～と」表示條件或結果）。
        *   「右（みぎ）に曲（まが）る角（かど）」：往右邊轉彎的轉角。

10. **気温が急に下がって、寒くなりました。**
    *   參考答案：氣溫突然下降，變冷了。
    *   解析：
        *   「気温（きおん）が急（きゅう）に下（さが）って」：氣溫突然下降（「～て」連接原因或動作順序）。
        *   「寒（さむ）くなりました」：變冷了。

—————

看完了嗎？有問題就問，沒問題就給我記好！落後 30 天不是開玩笑的，從現在開始，每天都必須是 Day 1 的衝刺狀態！記住，你的 N2 不會自己考過，只有你才能把它抓回來！下次再看到你偷懶，我可就不會這麼「幽默」了喔！😤 練起來！
[13:18:08] 🤖 Bot: 「各位未來的N2戰士，不，更正，各位N2躺平戰士們，早安啊！☀️ 看看窗外，今天天氣多好？陽光普照，藍天白雲，簡直就是個...補眠的好日子，對吧？😈」

「不過啊，你們看看這紅色警報：⚠️ **落後警報：你已經落後計畫 30 天了！距離 N2 越來越遠囉？皮繃緊一點！** 我的老天鵝，我們總共180天，你已經消耗了31天，卻只推進了1天？！這不是衝刺，這是「慢跑進度查詢」吧？N2證書快變成你的枕頭了嗎？醒醒啊！你還記得你的N2報名費是怎麼來的嗎？難道要讓它變成躺平基金嗎？😤」

「好了好了，抱怨歸抱怨，教練還是要帶著你們衝！這是我們的第 32 次特訓 (Day 1)！是的，雖然總體落後了，但從今天起，我們要重新設定「當天進度」，給自己一個新的開始！既然昨天表現是**必修 0/10，狀態：偷懶！**，那今天就給我卯足全力，把昨天缺的份通通補回來！」

「記住斯巴達的黃金法則：『沒有藉口，只有結果！』今天，我們就從單字庫的最基礎開始，把根基打穩！」

🔹 今日單字預習 📚

這些單字，拜託了，別再只看一眼就想睡了！給我好好記住！

*   **深刻 (しんこく)**：嚴肅、嚴重
*   **寝る (ねる)**：睡覺
*   **炊く (たく)**：煮飯
*   **壊れる (こわれる)**：損壞、壞掉
*   **我慢 (がまん)**：忍耐、忍受
*   **混ぜる (まぜる)**：攪拌、混合
*   **逃れる (のがれる)**：逃離、擺脫
*   **補給 (ほきゅう)**：補給
*   **提供 (ていきょう)**：提供、贊助

好！精神喊話結束！是騾子是馬，今天就拉出來溜溜看！

⚔️ N2衝刺班 Day 31/180 - 第 32 次特訓 (Day 1) 📝

🎯 今日目標：中翻日 (7題) Lv1.0 | 日翻中 (3題) Lv1.0

🔹 中翻日測驗 (7題)

請將以下中文句子翻譯成日文。

1.  這個問題很嚴重。
2.  請你再忍耐一下。
3.  我每天都會煮飯。
4.  這台舊手機很容易壞。
5.  請把牛奶和果汁混合。
6.  我想要逃離繁忙的都市生活。
7.  運動後需要補給水分。

🔹 日翻中測驗 (3題)

請將以下日文句子翻譯成中文。

8.  あの店は新鮮な野菜を提供しています。
9.  昨日は疲れていたので、早く寝ました。
10. 危険な場所から逃れるのは大切です。

----------------------------------------

### 🗓️ 2026-03-01 Execution
[13:19:02] ⚙️ Sys: Checking for updates...
[13:19:03] ⚙️ Sys: No new user messages found.
[13:19:03] 🤖 Bot: 🗝️ **前次測驗詳解**

✅ N2 衝刺班 - Day 29/180 解答卷 ✅

好了，各位『曾經偷懶』的戰士們，是不是寫得滿頭大汗啊？有沒有發現有些『簡單』的詞，放到句子裡就『深刻』地讓人『我慢』不了？別擔心，這就是我們『提供』給你的成長機會！現在，揭曉答案！

---

📚 今日單字庫預習 (含弱點 🔥)：
*   寝る (ねる): 睡覺
*   壊れる (こわれる): 損壞
*   掃除する (そうじする): 打掃
*   提供 (ていきょう): 提供/贊助 🔥
*   我慢 (がまん): 忍耐 🔥
*   補給 (ほきゅう): 補給
*   流す (ながす): 沖洗/流動
*   下がる (さがる): 下降
*   深刻 (しんこく): 嚴肅/嚴重 🔥
*   曲がる (まがる): 轉彎

---

⚔️ 測驗解答與解析

🔹 中翻日 (7題 - Lv 1.0)

1.  **這是一個很嚴重的問題。**
    *   參考答案：これは**深刻な**問題です。
    *   解析：『深刻』是形容動詞，修飾名詞時要加上『な』。

2.  **請你再忍耐一下下。**
    *   參考答案：もう少し**我慢**してください。
    *   解析：『我慢』作名詞時，搭配『する』動詞成為『我慢する』。這裡用作動詞的命令形式。

3.  **這家店有提供免費的 Wi-Fi。**
    *   參考答案：この店は無料Wi-Fiを**提供**しています。
    *   解析：『提供する』是動詞，表示提供某物，『を』是受格助詞。

4.  **小狗正在睡覺。**
    *   參考答案：子犬が**寝て**います。
    *   解析：『寝る』是動詞，『～ている』表示正在進行的狀態。

5.  **我每天早上打掃房間。**
    *   參考答案：私は毎日朝部屋を**掃除します**。
    *   解析：『掃除する』是動詞，『を』是受格助詞。

6.  **這台電腦壞掉了。**
    *   參考答案：このパソコンは**壊れました**。
    *   解析：『壊れる』是自動詞，表示東西壞掉的狀態。

7.  **請在下一個路口轉彎。**
    *   參考答案：次の角を**曲がって**ください。
    *   解析：『曲がる』是動詞，表示轉彎，常與『を』搭配表示轉彎通過的路口。

🔹 日翻中 (3題 - Lv 1.0)

8.  **電車が遅れたので、駅で長い時間我慢しました。**
    *   參考答案：因為電車誤點了，所以我在車站忍耐了很久。
    *   解析：『遅れる』是延遲；『長い時間』是長時間；『我慢する』是忍耐。

9.  **電気を流す前に、必ず安全を確認してください。**
    *   參考答案：在通電之前，務必確認安全。
    *   解析：『電気を流す』是通電；『～前に』是在...之前；『必ず』是務必、一定；『確認する』是確認。

10. **あの会社の株価は最近ずっと下がっている。**
    *   參考答案：那家公司的股價最近一直都在下跌。
    *   解析：『株価（かぶか）』是股價；『最近（さいきん）』是最近；『ずっと』是一直、始終；『下がる』是下降。

---
💪 今日總結：

好啦，今天Lv1.0的試煉到此結束！有沒有覺得你的腦袋被重新『補給』了能量？別以為Lv1.0就簡單！基礎不紮實，後面Lv2、Lv3怎麼辦？我們已經落後 29 天了！你的N2夢想還在等著你，別再讓它遙不可及了！明天見！下次再偷懶，我就要請你罰寫《源氏物語》了！😤
[13:19:26] 🤖 Bot: ⚔️ N2 衝刺班 Day 30/180 特訓 (Day 1)！

⚠️ 落後警報：你已經落後計畫 30 天了！距離 N2 越來越遠囉？皮繃緊一點！

哎呀，同學啊，看看窗外這細雨綿綿的天氣，是不是特別適合窩在被窩裡，然後讓 N2 離你越來越遠呢？😈 昨天交出的成績單是個完美的 0/10，真的是「不鳴則已，一鳴驚人」啊！我說，我們都已經落後計畫整整 30 天了，這時候還在偷偷懶，你對得起你那張 N2 報名費嗎？還是說，你想繳兩次報名費，讓我多賺一點學費啊？（邪笑）

別傻了，現在開始，皮給我繃緊！這是我們的第 31 次特訓，也是重新開始的第一天！你可別以為我會天天都這麼好聲好氣，今天就給你一個機會，證明你不是來陪跑的！

📚 今日單字預習：

🔹 提供 (提供/贊助) 🔥
🔹 我慢 (忍耐) 🔥
🔹 曲がる (轉彎)
🔹 深刻 (嚴肅/嚴重) 🔥
🔹 直る (修復)
🔹 下がる (下降)
🔹 むく (剝皮)

📝 翻譯測驗：準備好了嗎？深呼吸，然後把那些雜念都給我拋開！

【中翻日 🇯🇵 (Lv 1.0)】
請將以下中文句子翻譯成日文。

1.  這件事對他來說很嚴重。
2.  請再忍耐一下。
3.  車站有提供免費Wi-Fi。
4.  請在下一個紅綠燈轉彎。
5.  這個故障的冰箱修好了。
6.  氣溫下降了。
7.  她正在剝蘋果皮。

【日翻中 🇹🇼 (Lv 1.0)】
請將以下日文句子翻譯成中文。

8.  最近の経済状況は深刻な影響を及ぼしています。
9.  この道をまっすぐ行くと、右に曲がる角があります。
10. 気温が急に下がって、寒くなりました。

————— 今天的特訓到此為止！請務必認真作答！ —————

----------------------------------------

### 🗓️ 2026-02-28 Execution
[12:58:01] ⚙️ Sys: Checking for updates...
[12:58:01] ⚙️ Sys: No new user messages found.
[12:58:01] 🤖 Bot: 🗝️ **前次測驗詳解**

🔹 解答卷 🔹

⚔️ 中翻日 ⚔️

1.  台灣面臨少子化問題，影響深刻。
    ➡️ 台湾は少子化問題に直面しており、影響は深刻です。
    *   解析：「直面する」是「面臨」的常用動詞，比「問題がある」更貼切。「深刻です」表示「影響是嚴重的/深刻的」。

2.  我雖然想吃甜點，但必須忍耐。
    ➡️ 甘いものが食べたいですが、我慢しなければなりません。
    *   解析：「～たいですが」表示「雖然想～但是～」。「我慢する」是「忍耐」，「～なければなりません」表示「必須」。

3.  這間咖啡廳提供免費的無線網路。
    ➡️ このカフェは無料のWi-Fiを提供しています。
    *   解析：「提供する」為他動詞，直接接名詞「Wi-Fiを」。

4.  我想把糖溶解在咖啡裡。
    ➡️ コーヒーに砂糖を溶かしたいです。
    *   解析：「溶かす」為他動詞，「砂糖を溶かす」。「～たいです」表示「想～」。

5.  每天都要洗手，保持清潔。
    ➡️ 毎日、手を洗って、清潔を保ちましょう。
    *   解析：「手を洗う」洗手。「清潔を保つ」保持清潔。「～ましょう」有「一起做」或「建議」的語氣，也可直接用「～ます」。

6.  我的手機壞掉了，真是麻煩。
    ➡️ 私の携帯電話が壊れてしまいました。本当に困ります。
    *   解析：「壊れる」為自動詞，用「～が壊れる」。「～てしまう」表示「～掉了」或「可惜/遺憾」的語氣。「困ります」表示「很困擾/麻煩」。

7.  每天早上都會淋浴。
    ➡️ 毎朝、シャワーを浴びます。
    *   解析：「シャワーを浴びる」是固定搭配，表示「淋浴/洗澡」。

⚔️ 日翻中 ⚔️

8.  野菜を水に浸けて、新鮮さを保ちます。
    ➡️ 把蔬菜浸泡在水裡，保持新鮮。
    *   解析：「浸ける」是「浸泡」。「新鮮さ」是「新鮮度、新鮮」。

9.  鉛筆を削ってから、字を書きましょう。
    ➡️ 削完鉛筆之後，再來寫字吧。
    *   解析：「削る」是「削、削尖」。「～てから」表示「做完～之後」。

10. 母が美味しいスープを煮てくれました。
    ➡️ 媽媽幫我煮了美味的湯。
    *   解析：「煮る」是「煮」。「～てくれる」表示對方為我做了某事。
[12:58:24] 🤖 Bot: 🎌 N2 衝刺班 - Day 29/180 📝

啊哈！各位N2衝刺班的『潛力股』們，早安！或者，該說是『還在夢遊』的各位，早安！今天，是我們——正式的——第 30 次特訓 (Day 1)！是的，你沒聽錯，『第 30 次』！但看看我們的衝刺狀態數據：⚠️ 落後警報：你已經落後計畫 29 天了！距離 N2 越來越遠囉？皮繃緊一點！

天啊，29天，這都夠你把一部日劇從頭追到尾，然後再看第二遍了！結果呢？我們昨天必修 0/10，完美示範了『偷懶』的最高境界！是想把N2考試當成一年一度的日本文化體驗營嗎？報了名，當作去朝聖一下考場就心滿意足了？拜託，別再對得起你的床了，對得起你那噴出去的報名費好嗎！！？

今天天氣這麼好，陽光都曬屁股了，你難道想把腦袋也曬成漿糊嗎？今天Lv1.0，N5基礎，給你看似簡單，但別又給我打混摸魚！我可是會盯著你的！準備好了嗎？我們開始吧！

📚 今日單字庫預習 (含弱點 🔥)：
*   寝る (ねる): 睡覺
*   壊れる (こわれる): 損壞
*   掃除する (そうじする): 打掃
*   提供 (ていきょう): 提供/贊助 🔥
*   我慢 (がまん): 忍耐 🔥
*   補給 (ほきゅう): 補給
*   流す (ながす): 沖洗/流動
*   下がる (さがる): 下降
*   深刻 (しんこく): 嚴肅/嚴重 🔥
*   曲がる (まがる): 轉彎

---

⚔️ 正式測驗開始！ (請勿偷看答案！)

🔹 中翻日 (7題 - Lv 1.0)

1.  這是一個很嚴重的問題。
2.  請你再忍耐一下下。
3.  這家店有提供免費的 Wi-Fi。
4.  小狗正在睡覺。
5.  我每天早上打掃房間。
6.  這台電腦壞掉了。
7.  請在下一個路口轉彎。

🔹 日翻中 (3題 - Lv 1.0)

8.  電車が遅れたので、駅で長い時間我慢しました。
9.  電気を流す前に、必ず安全を確認してください。
10. あの会社の株価は最近ずっと下がっている。

----------------------------------------

### 🗓️ 2026-02-27 Execution
[13:16:48] ⚙️ Sys: Checking for updates...
[13:16:48] ⚙️ Sys: No new user messages found.
[13:16:48] 🤖 Bot: 🗝️ **前次測驗詳解**

🔹 Part 2: 解答卷

💪 學員，做得好！接下來是檢討時間！請拿出你的紅筆，準備訂正吧！

⚔️ 中翻日測驗 (7題) - 參考答案與解析

1.  **這個問題很嚴重。**
    *   この問題は深刻です。
    *   *解析*: 「深刻」是形容動詞，修飾名詞或作述語時，要注意其變化。這裡作述語，接「です」。

2.  **請你忍耐一下下。**
    *   もう少し我慢してください。
    *   *解析*: 「我慢する」是動詞，表示忍耐。「もう少し」表示「再一點點」，讓語氣更柔和。

3.  **那間餐廳提供免費的湯。**
    *   あのレストランは無料のスープを提供しています。
    *   *解析*: 「提供する」是動詞，這裡用「～ています」表示一種常態性的服務。

4.  **我每天都會洗臉。**
    *   私は毎日顔を洗います。
    *   *解析*: 「顔を洗う」是固定的說法，表示「洗臉」。

5.  **請在那個路口左轉。**
    *   あの交差点を左に曲がってください。
    *   *解析*: 「～を曲がる」表示「轉過～」，「左に」表示轉彎的方向。

6.  **他正在煮飯。**
    *   彼はご飯を炊いています。
    *   *解析*: 「ご飯を炊く」是「煮飯」的常用說法，「～ています」表示正在進行。

7.  **我喜歡吃麵包。**
    *   私はパンが好きです。
    *   *解析*: 表示喜歡某事物時，用「～が好きです」。

⚔️ 日翻中測驗 (3題) - 參考答案與解析

1.  **彼は鉛筆を削って、手紙を書いた。**
    *   他削了鉛筆，然後寫了信。
    *   *解析*: 「削る」是「削」的意思，在這裡表示削鉛筆。「～て、～」表示動作的連貫或順序。

2.  **りんごの皮をむいてから食べてください。**
    *   請把蘋果皮剝掉之後再吃。
    *   *解析*: 「皮をむく」是「剝皮」的說法。「～てから」表示「做完某事之後」。

3.  **この問題は深刻なので、早く解決したい。**
    *   這個問題很嚴重，所以想趕快解決。
    *   *解析*: 「深刻」作形容動詞，後接「なので」表示原因、理由。「解決したい」是「解決する」的「～たい」形，表示「想解決」。

---
好了，檢討完畢！今天有沒有把那些偷懶的細胞好好鞭策一番呢？我們還有 **26 天的落後** 要追，N2 合格證在向你招手，不要讓它變成遙不可及的夢想啊！下一次，給我拿出 120% 的專注力來！繼續衝刺！
[13:17:13] 🤖 Bot: 🔹 開場白 🔹

早安啊，我的 N2 衝刺班「慵」士！嗯？你說我叫錯了？沒叫錯啊，看看你昨天那個「必修 0/10」的成績，狀態居然是「偷懶」！我說啊，現在外面太陽都曬屁股了，你還在跟我裝睡嗎？今天的風和日麗，本來是個衝刺的好日子，結果你卻還在跟棉被奮鬥，是打算把 N2 考場當你的午休室是不是？

別忘了，**這是我們的第 29 次特訓 (Day 1)！** 這已經不是開學第一天了，但對你來說，如果昨天表現是零，那今天就真的是從頭來過了。而且，那個你無法忽視的驚悚數字，我得再唸一次給你聽：**⚠️ 落後警報：你已經落後計畫 28 天了！距離 N2 越來越遠囉？皮繃緊一點！** 28天耶！這不是咖啡續杯的時間，這是你把 N2 進度丟在太平洋的時間！對得起你的 N2 報名費嗎？還是你打算考完直接把報名費捐獻給日本文部科學省當作國際交流基金，功德圓滿？

好啦，罵歸罵，飯還是要吃，課還是要上。今天我們把難度稍微拉低一點，幫你找回一點點被你丟失的信心。不過，這不代表你可以繼續放水流喔！今天給我繃緊神經，把精神都拿出來！來，先把今天的單字庫看一遍，等等測驗會考到這些喔！

📚 今日單字庫 (含弱點 🔥) 📚
溶かす (溶解)
浸ける (浸泡)
削る (削)
我慢 (忍耐)
洗う (洗)
煮る (煮)
提供 (提供/贊助)
深刻 (嚴肅/嚴重)
壊れる (損壞)
浴びる (淋浴)

📝 今日考題 📝

⚔️ 中翻日 ⚔️
請將以下中文句子翻譯成日文。

1.  台灣面臨少子化問題，影響深刻。
2.  我雖然想吃甜點，但必須忍耐。
3.  這間咖啡廳提供免費的無線網路。
4.  我想把糖溶解在咖啡裡。
5.  每天都要洗手，保持清潔。
6.  我的手機壞掉了，真是麻煩。
7.  每天早上都會淋浴。

⚔️ 日翻中 ⚔️
請將以下日文句子翻譯成中文。

8.  野菜を水に浸けて、新鮮さを保ちます。
9.  鉛筆を削ってから、字を書きましょう。
10. 母が美味しいスープを煮てくれました。

----------------------------------------

### 🗓️ 2026-02-26 Execution
[13:22:07] ⚙️ Sys: Checking for updates...
[13:22:07] ⚙️ Sys: No new user messages found.
[13:22:07] 🤖 Bot: 🗝️ **前次測驗詳解**

💡 N2 衝刺 Day 26/180 翻譯特訓：解答與解析 💡

📝 Part 1: 中翻日 (7題) - 參考答案

1.  台灣面臨少子化的深刻問題。
    參考解答：台湾は少子化の深刻な問題に直面している。
    解析：「深刻な問題」是固定搭配。「直面する」表示「面臨」。

2.  我必須忍耐這個痛苦。
    參考解答：この痛みに我慢しなければならない。
    解析：「～に我慢する」表示忍耐某事物。

3.  這間店免費提供無線網路。
    參考解答：この店は無料でWi-Fiを提供している。
    解析：「提供する」是「提供」。Wi-Fi在日文中很常用，也可以用「インターネット」或「ネット」。

4.  我每天早上洗臉。
    參考解答：私は毎朝顔を洗う。
    解析：「顔を洗う」是「洗臉」。

5.  我在車站迷路了。
    參考解答：私は駅で道に迷った。
    解析：「道に迷う」是「迷路」。助詞用「で」表示地點。

6.  氣溫下降了。
    參考解答：気温が下がる。
    解析：「下がる」是不及物動詞，表示「下降」。

7.  水結冰了。
    參考解答：水が凍る。
    解析：「凍る」是不及物動詞，表示「結冰」。

📝 Part 2: 日翻中 (3題) - 參考答案

8.  彼の話はいつも深刻だ。
    參考解答：他的話總是那麼嚴肅。
    解析：「深刻だ」在這裡表示「嚴肅、嚴峻」。

9.  壊れた時計が直った。
    參考解答：壞掉的時鐘修好了。
    解析：「直る」是不及物動詞，表示「修好、恢復原狀」。

10. 氷を水に溶かす。
    參考解答：把冰溶化成水。
    解析：「溶かす」是他動詞，表示「溶解、溶化」。助詞「を」表示受詞，「に」表示變成什麼狀態。
[13:22:30] 🤖 Bot: 歐買尬！今天的台北，陽光普照，天氣好得不像話，簡直是適合戶外活動的好日子... 但你，我的學員，今天的N2衝刺可就沒這麼「陽光」了！看看這個驚人的數字，我們已經**落後計畫足足 26 天了**！26天！這不是在玩大富翁，走一步算一步啊！昨天必修0/10，直接證明你把時間拿去曬太陽了，對吧？你摸著良心說，這對得起你的N2報名費嗎？還有你的日文學習夢想嗎？別以為我不知道你在想什麼！

好啦，抱怨歸抱怨，抱怨完還是要乖乖爬起來唸書！這是我們的**第 28 次特訓 (Day 1)**！這次，給我把皮繃緊，把那些睡意跟偷懶細胞通通趕走，知道嗎？現在，深呼吸，專注！讓那些落後的數字成為刺激你的動力！我們今天雙軌難度是 Lv 1.0，N5基礎，這難度你還能錯，那 N2 不就真的跟我擦肩而過了？快點動起來！

📚 今日單字庫預習 (含弱點 🔥)：
*   洗う (あらう): 洗
*   曲がる (まがる): 轉彎
*   削る (けずる): 削
*   むく: 剝皮
*   深刻 (しんこく): 嚴肅/嚴重 🔥
*   提供 (ていきょう): 提供/贊助 🔥
*   炊く (たく): 煮飯
*   我慢 (がまん): 忍耐 🔥
*   食べる (たべる): 吃

📝 現在，深呼吸，準備好你的筆和紙，我們要開始今天的衝刺特訓了！

🔹 Part 1: 題目卷

⚔️ 中翻日測驗 (7題) - Lv 1.0

1.  這個問題很嚴重。
2.  請你忍耐一下下。
3.  那間餐廳提供免費的湯。
4.  我每天都會洗臉。
5.  請在那個路口左轉。
6.  他正在煮飯。
7.  我喜歡吃麵包。

⚔️ 日翻中測驗 (3題) - Lv 1.0

1.  彼は鉛筆を削って、手紙を書いた。
2.  りんごの皮をむいてから食べてください。
3.  この問題は深刻なので、早く解決したい。

----------------------------------------

### 🗓️ 2026-02-25 Execution
[13:24:32] ⚙️ Sys: Checking for updates...
[13:24:32] ⚙️ Sys: No new user messages found.
[13:24:32] 🤖 Bot: 🗝️ **前次測驗詳解**

⚔️ N2 衝刺班 Day 26 特訓解答！⚔️

各位N2勇者（至少今天有認真做題的算！），是不是覺得今天的題目輕鬆許多？別高興得太早，這是為了把你從昨日的怠惰深淵中拉出來！趕快來看看你的答案，是不是跟我的範本一樣「標準」！

**🔹 Part 1: 中翻日 (7題) - 參考解答**

1.  這個問題非常嚴重。
    *   この問題はとても**深刻**です。
    *   *解析*: 「深刻」是形容詞，直接用です結尾即可。

2.  請你再忍耐一下。
    *   もう少し**我慢**してください。
    *   *解析*: 「我慢する」是動詞，這裡是請求對方做某事，使用「～してください」。

3.  這間咖啡廳提供免費 Wi-Fi。
    *   この喫茶店は無料のWi-Fiを**提供**しています。
    *   *解析*: 「提供する」是動詞，表示正在提供某項服務，使用「～ています」形態。

4.  湖水已經結冰了。
    *   湖の水が**凍って**しまいました。
    *   *解析*: 「凍る」是動詞，這裡表示狀態的變化，並帶有一點點惋惜或強調結果的語氣，使用「～てしまう」。

5.  今天的氣溫會下降。
    *   今日の気温は**下がる**でしょう。
    *   *解析*: 「下がる」是自動詞，表示氣溫自己下降。句尾「～でしょう」表示推測。

6.  請把蔬菜浸泡在水中。
    *   野菜を水に**浸けて**ください。
    *   *解析*: 「浸ける」是他動詞，表示將蔬菜放進水裡浸泡，使用「～てください」請求對方。

7.  我每天都會打掃房間。
    *   私は毎日部屋を**掃除します**。
    *   *解析*: 「掃除する」是動詞，這裡使用動詞的常體或禮貌體來表達日常習慣。

**🔹 Part 2: 日翻中 (3題) - 參考解答**

8.  燃料を補給しなければなりません。
    *   **中文**: 必須補給燃料。
    *   *解析*: 「補給する」是動詞。「～なければなりません」表示「必須做...」。

9.  次の交差点を左に曲がってください。
    *   **中文**: 請在下一個路口左轉。
    *   *解析*: 「曲がる」是動詞。「～てください」表示「請做...」。方向使用助詞「に」。

10. よく混ぜてから、スープを飲んでください。
    *   **中文**: 請充分攪拌之後再喝湯。
    *   *解析*: 「混ぜる」是動詞。「～てから」表示「做完...之後」。

---

好啦，今天就到這裡！希望你今天的表現有比昨天好一點，不然我真的要考慮幫你的N2考試報名費多買一份「延期保險」了！別忘了，我們落後 25 天，這份壓力你得好好「消化」成動力，繼續加油！明天見！💪
[13:24:50] 🤖 Bot: 嘿！懶蟲！星期一的鬧鐘是不是很難叫醒你？還是說，被你 N2 考試日期逼近的惡夢嚇醒的？哈，別想太多，那只是你應該要有的焦慮感！今天是我們的第 27 次特訓 (Day 1)！對，你沒看錯，是「第 27 次」，但對於你來說，簡直像是又回到起點，因為你已經落後計畫 26 天了！距離 N2 越來越遠囉？皮繃緊一點！我們已經落後 26 天了，這時候還想繼續偷懶，對得起你的 N2 報名費嗎？還是說，你打算把那筆錢拿來跟我賭你一定考不過？嗯？好啦，不開玩笑了... 其實有開玩笑。

外頭天氣陰陰的，就像你現在的心情嗎？別想那麼多了，N2 不會因為你情緒低落就對你仁慈！斯巴達戰士可沒有時間感嘆天氣，他們只有一個目標：戰勝！你現在的目標就是打贏 N2！你昨天必修 0/10，狀態：偷懶！這根本是N2的敵人！不囉嗦，趕快把狀態拉回來！

📚 今日單字預習：
🔹 洗う (あらう)：洗
🔹 迷う (まよう)：迷路
🔹 凍る (こおる)：結冰
🔹 直る (なおる)：修復 (東西變好)
🔹 溶かす (とかす)：溶解 (他動詞)
🔹 深刻 (しんこく)：嚴肅/嚴重 🔥
🔹 我慢 (がまん)：忍耐 🔥
🔹 下がる (さがる)：下降
🔹 提供 (ていきょう)：提供/贊助 🔥

---
⚔️ N2 衝刺 Day 26/180 翻譯特訓 ⚔️

📝 Part 1: 中翻日 (7題)
請將以下中文句子翻譯成日文。

1.  台灣面臨少子化的深刻問題。
2.  我必須忍耐這個痛苦。
3.  這間店免費提供無線網路。
4.  我每天早上洗臉。
5.  我在車站迷路了。
6.  氣溫下降了。
7.  水結冰了。

📝 Part 2: 日翻中 (3題)
請將以下日文句子翻譯成中文。

8.  彼の話はいつも深刻だ。
9.  壊れた時計が直った。
10. 氷を水に溶かす。

----------------------------------------

### 🗓️ 2026-02-24 Execution
[13:23:11] ⚙️ Sys: Checking for updates...
[13:23:12] ⚙️ Sys: No new user messages found.
[13:23:12] 🤖 Bot: 🗝️ **前次測驗詳解**

✅ N2 衝刺Day 24 翻譯特訓 (解答卷) ✅

🔹 Part 1: 中翻日 (7題) - 參考答案

1.  這個問題很嚴重，需要立即處理。
    *   この問題は**深刻**で、すぐに対応する必要があります。
2.  我必須忍耐，不能抱怨。
    *   私は**我慢**しなければなりません、文句を言ってはいけません。
3.  這家店提供免費的無線網路。
    *   この店は無料のWi-Fiを**提供**しています。
4.  我的手機修好了。
    *   私の携帯電話は**直りました**。
5.  我想吃壽司。
    *   私は寿司を**食べたい**です。
6.  我正在煮飯。
    *   私はご飯を**炊いています**。
7.  我迷路了。
    *   私は道に**迷いました**。

🔹 Part 2: 日翻中 (3題) - 參考答案與解析

1.  彼の顔つきはとても**深刻**だったので、何かあったのかと心配になった。
    *   參考翻譯：他的表情很嚴肅，所以我很擔心是不是發生了什麼事。
    *   解析：「顔つき」指表情、臉色。「～なので」表示原因理由。「何かあったのかと心配になった」表示擔心是不是發生了什麼事。
2.  毎日部屋を**掃除する**のは大変ですが、気持ちがいいです。
    *   參考翻譯：雖然每天打掃房間很辛苦，但感覺很好。
    *   解析：「～のは」將動詞「掃除する」名詞化。「大変ですが」表示「雖然很辛苦但...」。
3.  寒くなってきて、気温が急に**下がった**。
    *   參考翻譯：天氣變冷了，氣溫也突然下降了。
    *   解析：「～てきて」表示變化過程。「気温が下がる」指氣溫下降。
[13:23:31] 🤖 Bot: ⚔️ N2 衝刺班 Day 26 特訓開始！⚔️

哈囉，各位未來的日文高手（最好是！）。看看外頭，陽光多麼美好，適合讀書，更適合...你現在還在賴床嗎？！😎 這是我們的第 26 次特訓 (Day 1)！理論上應該是第 26 天的進度，結果咧？昨天表現必修 0/10，完全就是「放飛自我」的最佳示範嘛！

我們已經落後計畫整整 25 天了！25天！你知道這25天可以幹嘛嗎？可以從台北走到墾丁再走回來，你卻選擇在N2的康莊大道上坐下來發呆？這N2考試可不會因為你的「可愛」就給你過啊！難道你打算讓你的報名費變成日本教育基金的慈善捐款嗎？皮繃緊一點，N2證書不是天上掉下來的，是靠你每天的汗水換來的！

好啦，情勒歸情勒，為了不讓你N2夢碎，今天我們來點基礎中的基礎，把地基打穩！

📚 今日單字預習 📚
🔹 凍る (こおる): 結冰
🔹 下がる (さがる): 下降
🔹 浸ける (つける): 浸泡
🔹 深刻 (しんこく): 嚴肅/嚴重 🔥
🔹 提供 (ていきょう): 提供/贊助 🔥
🔹 掃除する (そうじする): 打掃
🔹 補給 (ほきゅう): 補給
🔹 我慢 (がまん): 忍耐 🔥
🔹 曲がる (まがる): 轉彎
🔹 混ぜる (まぜる): 攪拌

準備好了嗎？深呼吸，把那些被你遺忘的單字細胞全部喚醒！

📝 今日測驗開始！📝

**🔹 Part 1: 中翻日 (7題) - Lv 1.0 新手挑戰**
請將以下中文句子翻譯成日文。

1.  這個問題非常嚴重。
2.  請你再忍耐一下。
3.  這間咖啡廳提供免費 Wi-Fi。
4.  湖水已經結冰了。
5.  今天的氣溫會下降。
6.  請把蔬菜浸泡在水中。
7.  我每天都會打掃房間。

**🔹 Part 2: 日翻中 (3題) - Lv 1.0 新手挑戰**
請將以下日文句子翻譯成中文。

8.  燃料を補給しなければなりません。
9.  次の交差点を左に曲がってください。
10. よく混ぜてから、スープを飲んでください。

----------------------------------------

### 🗓️ 2026-02-23 Execution
[13:37:29] ⚙️ Sys: Checking for updates...
[13:37:30] ⚙️ Sys: No new user messages found.
[13:37:30] 🤖 Bot: 🗝️ **前次測驗詳解**

✅ **解答卷 - 看看你是不是真的清醒了！** ✅

🔹 **Part 1: 中翻日 (7題) - Lv 1.0**

1.  這個問題非常嚴重。
    ➡️ この問題は**深刻**です。
    *   **解析**: 「深刻（しんこく）」表示情況嚴重、嚴肅。N5程度的句子結構。

2.  請你再忍耐一下。
    ➡️ もう少し**我慢**してください。
    *   **解析**: 「我慢（がまん）」是忍耐的意思。表示請求對方再忍受一段時間。

3.  我們需要補給新鮮的食物。
    ➡️ 私たちは新鮮な食べ物を**補給**する必要があります。
    *   **解析**: 「補給（ほきゅう）」指補充物資或能量。N5程度的「～する必要があります（需要做～）」句型。

4.  我想吃壽司。
    ➡️ 寿司を**食べたい**です。
    *   **解析**: 「食べたい（たべたい）」表示想吃，是「食べる（たべる）」的「～たい」形。

5.  請幫忙把蔬菜洗一洗。
    ➡️ 野菜を**洗って**ください。
    *   **解析**: 「洗う（あらう）」是洗滌的意思。「～てください」是請求對方做某事。

6.  媽媽每天都會蒸包子。
    ➡️ 母は毎日肉まんを**蒸します**。
    *   **解析**: 「蒸す（むす）」是蒸的意思。這裡使用了「肉まん（にくまん）」作為包子。

7.  他正在煮飯。
    ➡️ 彼はご飯を**炊いて**います。
    *   **解析**: 「炊く（たく）」專指煮飯。動詞的「～ている」形表示正在進行的動作。

🔹 **Part 2: 日翻中 (3題) - Lv 1.0**

8.  あの店はいつもおいしい料理を提供しています。
    ➡️ 那間店總是提供美味的料理。
    *   **解析**: 「提供（ていきょう）」是提供、贊助之意。句型「～しています」表示常態或持續的狀態。

9.  砂糖が紅茶に溶ける。
    ➡️ 砂糖溶解在紅茶裡。
    *   **解析**: 「溶ける（とける）」是自動詞，表示某物溶解。這裡的「が」是主格助詞，表示溶解的主體。

10. 野菜を水に浸ける。
    ➡️ 把蔬菜浸泡在水裡。
    *   **解析**: 「浸ける（つける）」是他動詞，表示將某物浸泡在液體中。「を」是受格助詞，表示動作的對象。

---
**💥 教練結語 💥**

看完了嗎？有沒有覺得N2離你又近了一點？還是覺得你的報名費有點危險？嘿，別灰心！至少你今天有練習了！記得，N2的戰場上沒有奇蹟，只有累積！別再讓我看到你偷懶了，否則下次的「情勒」會更「深刻」喔！下課！
[13:37:49] 🤖 Bot: 各位衝刺班的戰士們，早安！今天的天氣說變就變，上午還豔陽高照，下午就下起雨來。人生，跟這天氣一樣充滿變數，不是嗎？但有件事不應該變，那就是你考N2的決心！

結果呢？這是我們的第 25 次特訓 (Day 1)！看看這慘不忍睹的數據：⚠️ 落後警報：你已經落後計畫 23 天了！23天！這都快一個月了！距離 N2 越來越遠囉？你還在這裡看著窗外發呆，幻想著下課回家躺平，對得起你的 N2 報名費嗎？對得起你當初信誓旦旦，說要讓全家人刮目相看的雄心壯志嗎？

昨天表現更是「驚天地泣鬼神」的 必修 0/10！狀態：偷懶！很好，很符合你現在龜速前進的「進度」！別以為我不知道你心裡在想什麼，「啊～就一天沒唸書而已嘛，沒差啦。」哼！就是這種『沒差』的心態，把你的N2夢一點一滴地腐蝕掉！今天，皮給我繃緊一點！把這些弱點詞狠狠地吃進去！不通過，你就給我原地罰站！

📚 今日單字庫 (含弱點 🔥)：
直る (修復)
深刻 (嚴肅/嚴重)
食べる (吃)
炊く (煮飯)
掃除する (打掃)
我慢 (忍耐)
迷う (迷路)
下がる (下降)
提供 (提供/贊助)

⚔️ N2 衝刺Day 24 翻譯特訓 (題目卷) ⚔️

🔹 Part 1: 中翻日 (7題)

1.  這個問題很嚴重，需要立即處理。
2.  我必須忍耐，不能抱怨。
3.  這家店提供免費的無線網路。
4.  我的手機修好了。
5.  我想吃壽司。
6.  我正在煮飯。
7.  我迷路了。

🔹 Part 2: 日翻中 (3題)

1.  彼の顔つきはとても深刻だったので、何かあったのかと心配になった。
2.  毎日部屋を掃除するのは大変ですが、気持ちがいいです。
3.  寒くなってきて、気温が急に下がった。

----------------------------------------

### 🗓️ 2026-02-22 Execution
[13:17:49] ⚙️ Sys: Checking for updates...
[13:17:49] ⚙️ Sys: No new user messages found.
[13:17:49] 🤖 Bot: 🗝️ **前次測驗詳解**

⚔️ N2 衝刺班：地獄特訓 Day 22/180 ⚔️

**💡 翻譯測驗解答與解析 💡**

🔹 Part 1: 中翻日 (7題) - Lv 1.0

1.  這是一個很嚴重的問題。
    *   參考答案：これは深刻な問題です。
    *   解析：「深刻」可以直接用作な形容詞修飾名詞「問題」。

2.  請你再忍耐一下。
    *   參考答案：もう少(すこ)し我慢してください。
    *   解析：「我慢する」是動詞，搭配「～してください」形成請求句。

3.  這家餐廳提供免費的開水。
    *   參考答案：このレストランは無料(むりょう)の水(みず)を提供(ていきょう)しています。
    *   解析：「提供する」是動詞，常用「～を提供します」或「～を提供しています」表示提供某物。

4.  請把砂糖溶解在熱水中。
    *   參考答案：お湯(ゆ)に砂糖(さとう)を溶(とか)かしてください。
    *   解析：「溶かす」是他動詞，需要受詞「砂糖を」，「～に溶かす」表示在哪裡溶解。

5.  我每天早上七點起床。
    *   參考答案：私(わたし)は毎日(まいにち)朝(あさ)七時(しちじ)に起(お)きます。
    *   解析：「起きる」是自動詞，表示自己起床，時間點用助詞「に」。

6.  請把衣服浸泡在洗衣粉水中。
    *   參考答案：服(ふく)を洗剤(せんざい)の水(みず)に浸(つ)けてください。
    *   解析：「浸ける」是他動詞，需要受詞「服を」，「～に浸ける」表示在哪裡浸泡。

7.  請把沙拉仔細攪拌。
    *   參考答案：サラダをよく混(ま)ぜてください。
    *   解析：「混ぜる」是他動詞，需要受詞「サラダを」，「よく」表示仔細地、好好地。

🔹 Part 2: 日翻中 (3題) - Lv 1.0

8.  彼の表情はとても深刻だった。
    *   參考答案：他的表情非常嚴肅。
    *   解析：「深刻だ」形容人事物的情形或表情很嚴肅、嚴重。

9.  故障したパソコンはもう直りました。
    *   參考答案：壞掉的電腦已經修好了。
    *   解析：「直る」是自動詞，表示東西被修好、恢復原狀。「故障した」是「故障する」的た形修飾名詞，表示壞掉的。

10. この道をまっすぐ行って、次の角を右に曲がってください。
    *   參考答案：請沿著這條路直走，然後在下一個轉角右轉。
    *   解析：「まっすぐ行く」是直走，「次の角を」表示在下一個轉角處，「右に曲がる」表示向右轉。這是指路常用的句型。
[13:18:08] 🤖 Bot: 😈 喂！起床了！這不是 N2 午睡班，這是 N2 衝刺班！

你看看，窗外陽光多麼刺眼，像不像 N2 合格證在對你揮手？可惜你昨天表現 0/10，根本是把它當成 N2 報名費回收計畫了是不是？你還記得嗎？我們已經落後計畫 **23 天**了！整整 23 天！這時候你還在賴床，對得起你那白花花的 N2 報名費嗎？！

這是我們的第 24 次特訓 (Day 1)！我真是替你的荷包感到「深刻」的擔憂啊！別再想著躺平了，趕快把腦袋從枕頭上拔起來，今天就讓我們把這些基礎單字像釘子一樣釘進你的腦海裡！衝啊！

📚 **今日單字庫預習 (含弱點 🔥)** 📚

*   補給 (ほきゅう): 補給
*   我慢 (がまん): 忍耐 🔥
*   食べる (たべる): 吃
*   深刻 (しんこく): 嚴肅/嚴重 🔥
*   蒸す (むす): 蒸
*   洗う (あらう): 洗
*   提供 (ていきょう): 提供/贊助 🔥
*   炊く (たく): 煮飯
*   溶かす (とかす): 溶解
*   浸ける (つける): 浸泡

---

📝 **測驗開始！奮力一搏！** 📝

🔹 **Part 1: 中翻日 (7題) - Lv 1.0**

1.  這個問題非常嚴重。
2.  請你再忍耐一下。
3.  我們需要補給新鮮的食物。
4.  我想吃壽司。
5.  請幫忙把蔬菜洗一洗。
6.  媽媽每天都會蒸包子。
7.  他正在煮飯。

🔹 **Part 2: 日翻中 (3題) - Lv 1.0**

8.  あの店はいつもおいしい料理を提供しています。
9.  砂糖が紅茶に溶ける。
10. 野菜を水に浸ける。

----------------------------------------

### 🗓️ 2026-02-21 Execution
[13:07:55] ⚙️ Sys: Checking for updates...
[13:07:55] ⚙️ Sys: No new user messages found.
[13:07:55] 🤖 Bot: 🗝️ **前次測驗詳解**

⚔️ N2 衝刺班 Day 22 翻譯特訓 (解答卷) ⚔️

🔹 今日單字庫 (含弱點 🔥) 預習：
寝る (睡覺)
壊れる (損壞)
我慢 (忍耐)
炊く (煮飯)
洗う (洗)
深刻 (嚴肅/嚴重)
浴びる (淋浴)
流す (沖洗)
提供 (提供/贊助)
曲がる (轉彎)

📝 中翻日練習 (7題) - Lv 1.0

1.  **這個問題很嚴重。**
    參考答案：この問題は深刻です。
    解析：
    *   深刻（しんこく）是形容動詞，表示「嚴重、嚴肅」。句尾搭配「です」形成肯定句。
    *   「問題（もんだい）」是問題，「この」是指示詞「這個」。

2.  **請忍耐一下。**
    參考答案：ちょっと我慢してください。
    解析：
    *   我慢（がまん）是名詞或動詞「我慢する（忍耐）」。這裡用「我慢してください」是「請忍耐」的常用說法。
    *   ちょっと（稍微）增加了語氣的緩和。

3.  **昨天我很晚才睡。**
    參考答案：昨日、私はとても遅く寝ました。
    解析：
    *   寝る（ねる）是動詞，表示「睡覺」。
    *   「遅く（おそく）」是形容詞「遅い（晚的）」的副詞形，修飾動詞「寝ました（睡了）」。

4.  **我的手錶壞掉了。**
    參考答案：私の時計が壊れました。
    解析：
    *   壊れる（こわれる）是自動詞，表示「損壞、壞掉」。常用「が壊れる」表示物品自行損壞的狀態。
    *   「時計（とけい）」是手錶/鐘。

5.  **我每天都煮飯。**
    參考答案：私は毎日ご飯を炊きます。
    解析：
    *   炊く（たく）是動詞，表示「煮（米飯）」。
    *   「ご飯（ごはん）」是飯，通常用「ご飯を炊く」來表達煮飯。
    *   「毎日（まいにち）」是每天。

6.  **請洗手。**
    參考答案：手を洗ってください。
    解析：
    *   洗う（あらう）是動詞，表示「洗」。
    *   「手（て）」是手。動作的對象用助詞「を」來表示。

7.  **在下一個路口右轉。**
    參考答案：次の角を右に曲がってください。
    解析：
    *   曲がる（まがる）是動詞，表示「轉彎」。
    *   「次の角（つぎのかど）」是下一個路口。
    *   表示轉彎的方向時，通常用助詞「に」搭配方向詞「右（みぎ）」或「左（ひだり）」。動詞「曲がる」前面表示「轉彎通過的場所」時，會用「を」。

📚 日翻中練習 (3題) - Lv 1.0

8.  **この会社は新しいサービスを提供します。**
    參考答案：這間公司提供新的服務。
    解析：
    *   提供（ていきょう）是名詞或動詞「提供する（提供）」。
    *   「会社（かいしゃ）」是公司，「新しい（あたらしい）」是新的，「サービス」是服務。

9.  **毎朝シャワーを浴びます。**
    參考答案：我每天早上淋浴。
    解析：
    *   浴びる（あびる）是動詞，表示「淋浴、洗澡」。通常搭配「シャワーを浴びる」。
    *   「毎朝（まいあさ）」是每天早上。

10. **トイレの水を流してください。**
    參考答案：請沖洗馬桶。
    解析：
    *   流す（ながす）是動詞，表示「沖洗、放水」。
    *   「トイレの水（みず）」是馬桶的水。這裡指「沖水」。
[13:08:15] 🤖 Bot: ⚔️ N2 衝刺班：地獄特訓 Day 22/180 ⚔️

喂！是還在夢周公嗎？太陽都曬屁股了，你還在想著「再五分鐘就好」？我們已經落後計畫 22 天了，這時候睡覺對得起你的 N2 報名費嗎？昨天的必修 0/10 是在搞笑嗎？N2 考試可不會給你重考的機會喔！今天天氣雖然陰沉，跟你目前的學習狀態一樣烏雲密布，是不是該振作起來，把那些討厭的烏雲通通掃光？好了，別再唉聲嘆氣了，這是我們的第 23 次特訓 (Day 1)！快點清醒，準備好了沒？今天一樣是 N5 基礎訓練，單字量雖然不多，但你要給我每個都刻進腦子裡，懂嗎？皮繃緊一點！

📚 今日單字庫預覽 (含弱點 🔥)：
溶かす (溶解)
深刻 (嚴肅/嚴重) 🔥
起きる (起床)
浸ける (浸泡)
混ぜる (攪拌)
直る (修復)
我慢 (忍耐) 🔥
曲がる (轉彎)
蒸す (蒸)
提供 (提供/贊助) 🔥

📝 翻譯測驗時間！ (共 10 題)

🔹 Part 1: 中翻日 (7題) - Lv 1.0
請將以下中文句子翻譯成日文。

1.  這是一個很嚴重的問題。
2.  請你再忍耐一下。
3.  這家餐廳提供免費的開水。
4.  請把砂糖溶解在熱水中。
5.  我每天早上七點起床。
6.  請把衣服浸泡在洗衣粉水中。
7.  請把沙拉仔細攪拌。

🔹 Part 2: 日翻中 (3題) - Lv 1.0
請將以下日文句子翻譯成中文。

8.  彼の表情はとても深刻だった。
9.  故障したパソコンはもう直りました。
10. この道をまっすぐ行って、次の角を右に曲がってください。

----------------------------------------

### 🗓️ 2026-02-20 Execution
[13:18:33] ⚙️ Sys: Checking for updates...
[13:18:33] ⚙️ Sys: No new user messages found.
[13:18:33] 🤖 Bot: 🗝️ **前次測驗詳解**

哈囉，我的 N2 衝刺班學員！✨

😈 衝刺 Day 21 (Day 1) 解答卷來囉！希望你這次沒有再讓教練心臟病發作！趕快對答案，看看這次有沒有進步！

📚 今日單字庫 (複習)：
深刻 (嚴肅/嚴重)
我慢 (忍耐)
補給 (補給)
起きる (起床)
浴びる (淋浴)
流す (沖洗)
逃れる (逃離)
提供 (提供/贊助)

📝 翻譯測驗答案與解析：

🔹 中翻日 (7題)
1.  **這是一個非常嚴重的問題。**
    *   參考答案：これは**深刻**な問題です。
    *   解析：形容動詞「深刻」直接修飾名詞「問題」，用法非常直接。

2.  **我必須忍耐這份痛苦。**
    *   參考答案：この痛みを**我慢**しなければなりません。
    *   解析：「我慢する」是他動詞，表示忍耐某物，所以助詞用「を」。「～なければなりません」是「必須做某事」的 N4 文法。

3.  **這家公司提供高品質的服務。**
    *   參考答案：この会社は質の高いサービスを**提供**しています。
    *   解析：「提供する」是他動詞，通常搭配「を」表示提供的內容。高品質的服務可以用「質の高いサービス」來表達。

4.  **部隊需要緊急補給物資。**
    *   參考答案：部隊は緊急に物資を**補給**する必要があります。
    *   解析：「補給する」是他動詞，補充物資用「物資を補給する」。緊急地用「緊急に」。

5.  **我每天早上七點起床。**
    *   參考答案：私は毎日朝七時に**起きる**。 (更禮貌：起きます。)
    *   解析：「起きる」是自動詞，表示自己起床。

6.  **我想去沖個熱水澡。**
    *   參考答案：温かいシャワーを**浴びたい**です。
    *   解析：「シャワーを浴びる」是「淋浴」的固定說法，這裡用「溫かい」來表示熱水。「～たい」表示「想做～」。

7.  **吃完飯後，請把水槽裡的碗盤沖洗乾淨。**
    *   參考答案：食事が終わったら、シンクの食器を**流して**ください。
    *   解析：「流す」是他動詞，表示沖洗、沖掉。碗盤是「食器」。

🔹 日翻中 (3題)
8.  **彼は面倒な仕事から逃れるため、言い訳ばかりしている。**
    *   參考答案：他為了逃避麻煩的工作，只會找藉口。
    *   解析：「逃れる」是自動詞，表示從某物中逃離，所以助詞用「から」。 「～ため」表示「為了～」。「言い訳ばかりしている」表示「只會找藉口」。

9.  **毎朝、家族が起きる前に私は散歩に出かけます。**
    *   參考答案：每天早上，在家人起床之前，我都會出門散步。
    *   解析：「起きる」在此表示起床。「～前に」表示「在～之前」。

10. **旅行に必要な医薬品を補給しました。**
    *   參考答案：我補充了旅行所需的藥品。
    *   解析：「～に必要な」表示「對～來說是必要的」。 「医薬品」是藥品。
[13:19:03] 🤖 Bot: 哈囉，N2 衝刺班的同學們！(雖然現在只有你一個，但也沒差啦。) 這是我們的第 22 次特訓 (Day 1)！嗯... 外面陽光普照，藍天白雲，多麼適合在咖啡廳裡，吹著冷氣，優雅地翻開日文書啊... 還是你已經在翻身準備補眠了？🤔

昨天啊，你的表現是必修 0/10，狀態：偷懶！我說，這種成績讓我都開始懷疑人生了，是不是我太慈祥了啊？我知道，週末的被窩有種魔性的魅力，但你看看這斗大的紅字：⚠️ 落後警報：你已經落後計畫 21 天了！距離 N2 越來越遠囉？皮繃緊一點！

21天！這已經不是「不小心打瞌睡」可以解釋的程度了，這是足以讓你的N2夢想從「衝刺」變成「龜速爬行」的時間差！你的報名費不是用來買「無限延期」服務的啊！現在還想偷懶，對得起你燃燒的肝嗎？對得起那些為你加油打氣的親友嗎？

別再讓你的惰性操控你的未來了，快點清醒！今天，我們要繼續挑戰 N5 基礎，把這些單字狠狠地刻進腦海裡！基礎不穩，就像高樓的地基沒打好，等到了 N2 要蓋屋頂的時候，你會哭得更慘的！準備好了沒？深呼吸，把所有雜念都沖掉，我們開始！

🔹 今日單字庫 (含弱點 🔥) 預習：
寝る (睡覺)
壊れる (損壞)
我慢 (忍耐)
炊く (煮飯)
洗う (洗)
深刻 (嚴肅/嚴重)
浴びる (淋浴)
流す (沖洗)
提供 (提供/贊助)
曲がる (轉彎)

⚔️ N2 衝刺班 Day 22 翻譯特訓 (題目卷) ⚔️

📝 中翻日練習 (7題) - Lv 1.0

1.  這個問題很嚴重。
2.  請忍耐一下。
3.  昨天我很晚才睡。
4.  我的手錶壞掉了。
5.  我每天都煮飯。
6.  請洗手。
7.  在下一個路口右轉。

📚 日翻中練習 (3題) - Lv 1.0

8.  この会社は新しいサービスを提供します。
9.  毎朝シャワーを浴びます。
10. トイレの水を流してください。

----------------------------------------

### 🗓️ 2026-02-19 Execution
[13:23:26] ⚙️ Sys: Checking for updates...
[13:23:27] ⚙️ Sys: No new user messages found.
[13:23:27] 🤖 Bot: 🗝️ **前次測驗詳解**

哈囉，我的學員！是不是覺得腦袋快打結了？還是想偷瞄答案？想都別想！在衝刺 Day 19/180，落後了整整19天之後，你現在唯一能做的就是把這些錯誤狠狠記住，讓它們成為你通往 N2 的燃料！

好了，深呼吸一口氣，看看你的「戰果」吧！

⚔️ 翻譯測驗解答！

🔹 Part 1: 中翻日 (7題) - Lv 1.0

1.  **這個問題很嚴重。**
    *   參考答案：この問題は**深刻**です。
    *   解析：「深刻」是形容動詞，表示「嚴重、嚴肅」。N5程度常見用法為「~は深刻です」。

2.  **請忍耐一下。**
    *   參考答案：ちょっと**我慢**してください。
    *   解析：「我慢」是名詞，搭配「する」變成動詞「我慢する（忍耐）」。這裡用「してください」是「請忍耐」的禮貌說法。

3.  **我們提供各種服務。**
    *   參考答案：私たちは様々なサービスを**提供**しています。
    *   解析：「提供する」是動詞，表示「提供、贊助」。這裡使用「~しています」表示持續或狀態。

4.  **他溶解了鹽巴。**
    *   參考答案：彼は塩を**溶かしました**。
    *   解析：「溶かす」是他動詞，表示「使...溶解」。動詞過去式「溶かしました」。

5.  **那個玩具很容易壞。**
    *   參考答案：そのおもちゃは**壊れ**やすいです。
    *   解析：「壊れる」是自動詞，表示「壞掉、損壞」。N5常見的「やすい」文法表示「容易...」。

6.  **氣溫會下降。**
    *   參考答案：気温が**下がります**。
    *   解析：「下がる」是自動詞，表示「下降」。

7.  **我削鉛筆。**
    *   參考答案：鉛筆を**削ります**。
    *   解析：「削る」是他動詞，表示「削、削減」。

🔹 Part 2: 日翻中 (3題) - Lv 1.0

8.  **彼の病状は深刻で、手術が必要です。**
    *   參考答案：他的病情很嚴重，需要動手術。
    *   解析：「病状（びょうじょう）」是病情。「深刻」表示嚴重。句中的「〜で」在此連接兩個句子，表示原因或狀況接續。

9.  **子供たちは親の目を盗んで、公園へ逃れた。**
    *   參考答案：孩子們瞞著父母，偷偷溜到公園去了。
    *   解析：「親の目を盗む（おやのめをぬすむ）」是慣用句，表示「瞞著父母、趁父母不注意」。這裡的「盗んで」是「盗む」的て形。「逃れる」是「逃離」。

10. **食事の前に、果物の皮をむいてください。**
    *   參考答案：飯前請把水果的皮剝掉。
    *   解析：「食事（しょくじ）」是餐點。「前（まえ）」是之前。「果物（くだもの）」是水果。「皮をむく（かわをむく）」是「剝皮」。

---
總結一下，今天的表現如何？是不是又被我逮到很多小失誤了？別以為 N5 基礎很簡單，這些都是 N2 的基石！如果基礎不穩，N2 就等著被它「削」掉！

**⚠️ 落後警報：你已經落後計畫 19 天了！** 時間可不等你！明天給我拿出更多鬥志來，否則 N2 真的會離你越來越遠！我說過，我會盯著你的！下次見！
[13:23:48] 🤖 Bot: 哈囉，我的 N2 衝刺班學員！✨

😈 教練我要先深呼吸三秒鐘，才能假裝我的血壓還沒衝破天際線。你還記得昨天嗎？必修 0/10！你沒聽錯，是 0 分！這不是期中考零分，這是連練習都直接跳過啊！

我說你，今天外面陽光正好，鳥語花香，你還有心情享受這一切嗎？你難道忘了我們已經有「⚠️ 落後警報：你已經落後計畫 19 天了！距離 N2 越來越遠囉？皮繃緊一點！」這個燙金大字報在腦門上閃爍了嗎？這時候躺在床上賴床對得起你的 N2 報名費嗎？這不是在衝刺，這是在幫 N2 考試的報名費贊助業者「提供」業績吧？

好了，抱怨歸抱怨，氣歸氣，畢竟教練我是「專業的」。今天，這是我們的第 21 次特訓 (Day 1)！就當作是重新開始，但請你把皮給我繃緊了，今天要是再 0 分，我就要考慮打電話到你家跟你媽「提供」一下你最近的學習狀況了！你敢不敢接招？敢不敢把昨天偷懶的份，今天加倍還回來？

⚔️ 今日衝刺特訓：Day 21 (Day 1!) 開始！

📚 今日單字庫預習 (含弱點 🔥，請特別注意！)：
深刻 (嚴肅/嚴重) 🔥
我慢 (忍耐) 🔥
補給 (補給)
起きる (起床)
浴びる (淋浴)
流す (沖洗)
逃れる (逃離) 🔥
提供 (提供/贊助) 🔥

📝 翻譯測驗時間！請將以下中文句子翻譯成日文，或將日文句子翻譯成中文。請仔細思考詞彙和文法！

🔹 中翻日 (7題)
1.  這是一個非常嚴重的問題。
2.  我必須忍耐這份痛苦。
3.  這家公司提供高品質的服務。
4.  部隊需要緊急補給物資。
5.  我每天早上七點起床。
6.  我想去沖個熱水澡。
7.  吃完飯後，請把水槽裡的碗盤沖洗乾淨。

🔹 日翻中 (3題)
8.  彼は面倒な仕事から逃れるため、言い訳ばかりしている。
9.  毎朝、家族が起きる前に私は散歩に出かけます。
10. 旅行に必要な医薬品を補給しました。

----------------------------------------

### 🗓️ 2026-02-18 Execution
[13:25:08] ⚙️ Sys: Checking for updates...
[13:25:08] ⚙️ Sys: No new user messages found.
[13:25:08] 🤖 Bot: 🗝️ **前次測驗詳解**

✅ **解答卷**

🔹 **參考答案與解析**

**第一部分：中翻日 (7題)**

1.  這是一個嚴重的社會問題。
    *   **參考解答：** これは**深刻な**社会問題です。
    *   **解析：** 「深刻な」是形容動詞，修飾名詞時後面要接「な」。

2.  請你再忍耐一下。
    *   **參考解答：** もう少し**我慢して**ください。
    *   **解析：** 「我慢する」是動詞，表示忍耐。請求時使用「～てください」的句型。

3.  我早上六點起床。
    *   **參考解答：** 私は朝六時に**起きます**。
    *   **解析：** 「起きる」是不及物動詞，表示自己起床。時間用「～に」表示。

4.  氣溫下降了。
    *   **參考解答：** 気温が**下がりました**。
    *   **解析：** 「下がる」是不及物動詞，表示氣溫自己下降。

5.  我在鍋子裡煮蛋。
    *   **參考解答：** 鍋で卵を**煮ます**。
    *   **解析：** 「煮る」是他動詞，表示「煮（某物）」。地點用「～で」表示。

6.  請把水沖掉。
    *   **參考解答：** 水を**流して**ください。
    *   **解析：** 「流す」是他動詞，表示「沖洗、讓水流動」。

7.  我在陌生的街道上迷路了。
    *   **參考解答：** 知らない道で**迷いました**。
    *   **解析：** 「迷う」是不及物動詞，表示「迷路」。地點用「～で」表示。

**第二部分：日翻中 (3題)**

8.  そのお店は無料のWi-Fiを提供しています。
    *   **參考解答：** 那間店有提供免費的Wi-Fi。
    *   **解析：** 「提供する (ていきょうする)」是他動詞，表示「提供」。

9.  冬になると、川が凍ります。
    *   **參考解答：** 一到冬天，河川就會結冰。
    *   **解析：** 「凍る (こおる)」是不及物動詞，表示「結冰」。 「～と」表示「一...就...」的條件句。

10. 鉛筆を削る。
    *   **參考解答：** 削鉛筆。
    *   **解析：** 「削る (けずる)」是他動詞，表示「削、削減」。
[13:25:30] 🤖 Bot: 哈囉，我的學員！今天天氣這麼好（假設是個晴朗的好天氣），外面鳥語花香、風和日麗，是不是很想出去玩啊？😈 錯！想都別想！這是我們的第 20 次特訓 (Day 1)！別忘了，根據我的數據監控，你已經落後計畫 **19 天** 了！19天！這時候還在幻想自由，你對得起你的 N2 報名費嗎？！距離 N2 證書是越來越遠了，皮給我繃緊一點！

昨天表現怎麼樣？必修 0/10？好樣的，直接歸零！偷懶是吧？沒關係，教練我跟你保證，今天的特訓會讓你把昨天的「悠閒」加倍奉還！

⚔️ 課程目標：
🎯 中翻日 (7題): Lv 1.0 (N5基礎，單字記憶)
🎯 日翻中 (3題): Lv 1.0 (N5基礎，單字記憶)

📚 今日單字庫 (含弱點 🔥 優先練習！)：
*   提供 (提供/贊助) 🔥
*   我慢 (忍耐) 🔥
*   溶かす (溶解)
*   壊れる (損壞)
*   下がる (下降)
*   削る (削)
*   深刻 (嚴肅/嚴重) 🔥
*   逃れる (逃離)
*   むく (剝皮)

好了，廢話不多說，現在就把你腦袋裡那些想放空的念頭通通「削」掉，開始今天的測驗！

---

📝 翻譯測驗開始！

🔹 Part 1: 中翻日 (7題) - Lv 1.0

1.  這個問題很嚴重。
2.  請忍耐一下。
3.  我們提供各種服務。
4.  他溶解了鹽巴。
5.  那個玩具很容易壞。
6.  氣溫會下降。
7.  我削鉛筆。

🔹 Part 2: 日翻中 (3題) - Lv 1.0

8.  彼の病状は深刻で、手術が必要です。
9.  子供たちは親の目を盗んで、公園へ逃れた。
10. 食事の前に、果物の皮をむいてください。

---
衝刺 Day 19/180，加油！別以為我沒看著你！給我全力以赴！

----------------------------------------

### 🗓️ 2026-02-17 Execution
[13:23:11] ⚙️ Sys: Checking for updates...
[13:23:11] ⚙️ Sys: No new user messages found.
[13:23:11] 🤖 Bot: 🗝️ **前次測驗詳解**

⚔️ 今日衝刺特訓：N2 模擬測驗 Day 17 (落後警報：16 天！😱)

📚 今日單字庫預習：
*   我慢 (がまん)：忍耐
*   壊れる (こわれる)：損壞
*   提供 (ていきょう)：提供/贊助
*   深刻 (しんこく)：嚴肅/嚴重
*   煮る (にる)：煮
*   食べる (たべる)：吃
*   浸ける (つける)：浸泡
*   迷う (まよう)：迷路
*   補給 (ほきゅう)：補給
*   流す (ながす)：沖洗

✅ 參考答案與解析：

🔹 Part 1: 中翻日 (7題) - Lv 1.0

1.  這是一個很嚴重的問題。
    參考答案：これはとても**深刻**な問題です。
    解析：名詞「問題」前接形容動詞「深刻」時，需加上「な」。

2.  請忍耐一下。
    參考答案：ちょっと**我慢**してください。
    解析：「請做...」的句型為「動詞て形＋ください」。

3.  這家店提供免費 Wi-Fi。
    參考答案：この店は無料Wi-Fiを**提供**しています。
    解析：「提供する」是動詞，這裡使用「提供しています」表示持續或目前的狀態。

4.  我正在煮湯。
    參考答案：スープを**煮て**います。
    解析：「煮る」是他動詞，表示「煮...」，這裡使用「煮ています」表示正在進行的動作。

5.  我們一起去吃飯吧。
    參考答案：一緒に**食べに**行きましょう。
    解析：「～にいく/くる」表示去做某事，動詞前接ます形去ます。

6.  我在車站迷路了。
    參考答案：駅で**迷い**ました。
    解析：「迷う」是自動詞，表示「迷路」，助詞「で」表示場所。

7.  需要補給水分。
    參考答案：水分を**補給**する**必要**があります。
    解析：「～する必要がある」表示「有必要做...」。

🔹 Part 2: 日翻中 (3題) - Lv 1.0

1.  そのパソコンはすぐに壊れました。
    參考答案：那台電腦很快就**壞**了。
    解析：「壊れる」是自動詞，表示物品「壞掉、損壞」。

2.  野菜を水に浸けてください。
    參考答案：請把蔬菜**浸泡在**水裡。
    解析：「浸ける」是他動詞，表示「浸泡某物」。

3.  トイレの水を流してください。
    參考答案：請**沖**馬桶。
    解析：「流す」是他動詞，表示「沖洗、讓水流動」。
[13:23:30] 🤖 Bot: ⚔️ 衝刺班教練登場！

喔！我的老天鵝啊！昨天你是不是把書本當枕頭了？嗯？這是我們的第 19 次特訓 (Day 1)！窗外陽光多麼燦爛，就像你的N2夢想，原本閃閃發光。結果呢？現在跟陰雨天一樣陰沉，因為你已經落後計畫**18天**了！**18天**！你知道這代表什麼嗎？這時候你還在賴床、還在發呆，對得起你那份N2報名費嗎？對得起你對自己的承諾嗎？N2的考場可是很殘酷的，它不會等你睡醒！

⚠️ **落後警報：你已經落後計畫 18 天了！距離 N2 越來越遠囉？皮繃緊一點！**

昨天表現：必修 0/10。狀態：偷懶！
嗯哼，沒錯，我已經把你的懶惰刻在我的大腦裡了。別再讓昨天的「必修0/10」重演了！今天的目標是活著，而且要完成！沒有汗水，就沒有收穫！今日，你必須讓那 18 天的落後，從你字典裡消失！

📚 **今日單字庫預習 (含弱點 🔥)**

*   起きる (おきる) — 起床
*   下がる (さがる) — 下降
*   煮る (にる) — 煮
*   流す (ながす) — 沖洗
*   提供 (ていきょう) — 提供/贊助 🔥
*   凍る (こおる) — 結冰
*   迷う (まよう) — 迷路
*   削る (けずる) — 削
*   我慢 (がまん) — 忍耐 🔥
*   深刻 (しんこく) — 嚴肅/嚴重 🔥

🔹 **今日雙軌難度目標：**
- **中翻日 (7題)**: Lv 1.0 (新手，N5 基礎，專注單字記憶。)
- **日翻中 (3題)**: Lv 1.0 (新手，N5 基礎，專注單字記憶。)

📝 **題目卷**

**第一部分：中翻日 (7題)**

1.  這是一個嚴重的社會問題。
2.  請你再忍耐一下。
3.  我早上六點起床。
4.  氣溫下降了。
5.  我在鍋子裡煮蛋。
6.  請把水沖掉。
7.  我在陌生的街道上迷路了。

**第二部分：日翻中 (3題)**

8.  そのお店は無料のWi-Fiを提供しています。
9.  冬になると、川が凍ります。
10. 鉛筆を削る。

----------------------------------------

### 🗓️ 2026-02-16 Execution
[13:38:40] ⚙️ Sys: Checking for updates...
[13:38:41] ⚙️ Sys: No new user messages found.
[13:38:41] 🤖 Bot: 🗝️ **前次測驗詳解**

---

✅ **解答卷**

🔹 **中翻日 參考答案與解析**

1.  **這是一個很嚴重的問題。**
    *   参考答案：これは**深刻な**問題です。
    *   解析：形容動詞「深刻」修飾名詞「問題」時，需加上助詞「な」。

2.  **請忍耐一下。**
    *   参考答案：少し**我慢して**ください。
    *   解析：「我慢する」是動詞，表示「忍耐」。這裡使用「て形＋ください」表示請求。

3.  **那家公司提供免費的網路服務。**
    *   参考答案：あの会社は無料のインターネットサービスを**提供して**います。
    *   解析：「提供する」是動詞，表示「提供」。這裡使用「て形＋いる」表示持續的狀態或習慣。

4.  **我每天都會打掃房間。**
    *   参考答案：私は毎日部屋を**掃除します**。
    *   解析：「掃除する」是動詞「打掃」。

5.  **湖水結冰了。**
    *   参考答案：湖が**凍りました**。
    *   解析：「凍る」是自動詞「結冰」。過去式「凍りました」。

6.  **請幫我削鉛筆。**
    *   参考答案：鉛筆を**削って**ください。
    *   解析：「削る」是動詞「削」。這裡使用「て形＋ください」表示請求。

7.  **我在車站迷路了。**
    *   参考答案：駅で**迷いました**。
    *   解析：「迷う」是動詞「迷路」。過去式「迷いました」。

🔹 **日翻中 參考答案與解析**

1.  **この深刻な問題について、どう思いますか。**
    *   参考答案：關於這個嚴重的問題，你怎麼看？
    *   解析：「深刻な問題」表示「嚴重的問題」。「～について」表示「關於～」。「どう思いますか」表示「你怎麼想？/你怎麼看？」。

2.  **私は毎朝早く起きる。**
    *   参考答案：我每天早上很早起床。
    *   解析：「毎朝（まいあさ）」是「每天早上」。「早く（はやく）」是副詞「很早」。「起きる（おきる）」是動詞「起床」。

3.  **リンゴの皮をむいてください。**
    *   参考答案：請剝蘋果皮。
    *   解析：「リンゴ」是「蘋果」。「皮（かわ）」是「皮」。「むく」是動詞「剝皮」。這裡使用「て形＋ください」表示請求。
[13:39:01] 🤖 Bot: 各位偷懶鬼，早安！啊，不對，這哪是早安？外面陽光普照，鳥語花香，你卻在這裡與我的課表漸行漸遠... ⚠️ 落後警報：我們已經落後計畫 16 天了！距離 N2 越來越遠囉？皮繃緊一點！這時候睡覺對得起你的 N2 報名費嗎？昨日表現必修 0/10，簡直是讓你的日文老師我心臟病發。

但別以為我會讓你這樣輕鬆逃避！這是我們的第 18 次特訓 (Day 1)！今天就當作是斯巴達戰士重新投胎的第一天，把那些「想睡覺」、「好累喔」的念頭通通給我打回去！現在，把你的 N2 戰袍穿上，準備好迎接今天的特訓。不然，下次我可能就要派斯巴達的鬼魂去你夢裡追殺了。給我精神點！

⚔️ 今日衝刺特訓：N2 模擬測驗 Day 17 (落後警報：16 天！😱)

📚 今日單字庫預習：
*   我慢 (がまん)：忍耐
*   壊れる (こわれる)：損壞
*   提供 (ていきょう)：提供/贊助
*   深刻 (しんこく)：嚴肅/嚴重
*   煮る (にる)：煮
*   食べる (たべる)：吃
*   浸ける (つける)：浸泡
*   迷う (まよう)：迷路
*   補給 (ほきゅう)：補給
*   流す (ながす)：沖洗

📝 翻譯測驗時間：

🔹 Part 1: 中翻日 (7題) - Lv 1.0

1.  這是一個很嚴重的問題。
2.  請忍耐一下。
3.  這家店提供免費 Wi-Fi。
4.  我正在煮湯。
5.  我們一起去吃飯吧。
6.  我在車站迷路了。
7.  需要補給水分。

🔹 Part 2: 日翻中 (3題) - Lv 1.0

1.  そのパソコンはすぐに壊れました。
2.  野菜を水に浸けてください。
3.  トイレの水を流してください。

訓練結束！請自行核對答案，並將答錯的題目訂正。
「痛苦會過去，美會留下」... 但N2的考試不會等你的美留下，只會等你通過。給我好好檢討！

----------------------------------------

### 🗓️ 2026-02-15 Execution
[13:21:21] ⚙️ Sys: Checking for updates...
[13:21:22] ⚙️ Sys: No new user messages found.
[13:21:22] 🤖 Bot: 🗝️ **前次測驗詳解**

---

✅ **N2 衝刺班 Day 15/180 - 解答與解析** ✅

恭喜你！測驗結束了！現在來看看你的表現如何。希望你沒有把我的錢包丟進馬桶，啊，不是，是沒有把 N2 合格的機會丟掉！

---

**Part 1: 中翻日 (7題) - Lv 1.0 (N5基礎)**

1.  這是一個**嚴重的**問題。
    *   參考答案：これは**深刻な**問題です。
    *   解析：形容動詞「深刻」直接修飾名詞「問題」時，需加上「な」。

2.  請**忍耐**一下。
    *   參考答案：ちょっと**我慢して**ください。
    *   解析：「我慢する」是動詞，表示「忍耐」的意思。這裡使用「～てください」的請求形式。

3.  政府**提供**了最新的資訊。
    *   參考答案：政府は最新の情報を**提供しました**。
    *   解析：「提供する」是動詞，表示「提供」的意思。這裡使用過去式「～しました」。

4.  他從危險中**逃離**了。
    *   參考答案：彼は危険から**逃れました**。
    *   解析：「逃れる」是動詞，表示「逃離」。「～から」表示起點或來源。

5.  每天早上**淋浴**後才出門。
    *   參考答案：毎朝、シャワーを**浴びて**から出かけます。
    *   解析：「浴びる」搭配助詞「を」，表示「淋浴、沖澡」。動詞的「てから」形表示「做完A後再做B」。

6.  我會把冰塊**溶解**在水裡。
    *   參考答案：氷を水に**溶かします**。
    *   解析：「溶かす」是他動詞，表示「溶解(某物)」。助詞「に」表示位置或結果。

7.  把蔬菜**浸泡**在水中。
    *   參考答案：野菜を水に**浸けます**。
    *   解析：「浸ける」是他動詞，表示「浸泡(某物)」。助詞「に」表示浸泡的對象或位置。

---

**Part 2: 日翻中 (3題) - Lv 1.0 (N5基礎)**

1.  彼は会社の会議で**深刻な**表情をしていた。
    *   參考答案：他在公司的會議上擺出了**嚴肅的**表情。
    *   解析：「深刻な表情」就是「嚴肅的表情」。「～をしていた」表示做出了某種表情或行為。

2.  毎日、部屋を**掃除する**のは大切なことです。
    *   參考答案：每天打掃房間是很重要的事情。
    *   解析：「掃除する」是「打掃」的意思。「～のは大切なことです」是「做某事是很重要的事情」的句型。

3.  彼は自分の食べたいものを**我慢する**ことが苦手だ。
    *   參考答案：他很不擅長**忍耐**自己想吃的東西。
    *   解析：「我慢する」是「忍耐」。 「～ことが苦手だ」表示「不擅長做某事」。

---

這次的表現如何？是進步了，還是依然讓 N2 的神明在哭泣？記住，距離 N2 考試的時間不多了，我們沒有時間可以浪費！把錯誤的地方好好訂正，今天再晚也要把這些單字給我記熟！明天繼續奮戰！
[13:21:40] 🤖 Bot: 各位N2衝刺班的戰士們，是時候從你的溫暖被窩裡爬出來了！外面陽光普照，鳥語花香... 但你，我的學員啊，你還在「冬眠」嗎？這是我們的第 17 次特訓 (Day 1)！我上次看到你努力的身影，可能已經是上個世紀的事了。昨天表現？抱歉，教練我的記憶體容量不夠，因為你的必修題是——零分！一個大大的零！

⚠️ 落後警報：我們已經落後計畫整整15天了！距離 N2 越來越遠囉？這時候還在放飛自我，你對得起你的N2報名費嗎？還是說，你覺得N2證書會自己從天上掉下來？別傻了！今天，皮給我繃緊一點！我們回到最基礎的Lv 1.0，但這不代表你可以繼續鬆懈！準備好了嗎？深呼吸，把那些偷懶的因子全部趕走，開始今天的練習！

📚 **今日單字預習** (弱點 🔥 請特別留意！)

*   掃除する (そうじする): 打掃
*   凍る (こおる): 結冰
*   削る (けずる): 削
*   我慢 (がまん): 忍耐 🔥
*   提供 (ていきょう): 提供/贊助 🔥
*   起きる (おきる): 起床
*   深刻 (しんこく): 嚴肅/嚴重 🔥
*   むく: 剝皮
*   迷う (まよう): 迷路

---

📝 **題目卷**

🔹 **中翻日 (7題) - Lv 1.0**

1.  這是一個很嚴重的問題。
2.  請忍耐一下。
3.  那家公司提供免費的網路服務。
4.  我每天都會打掃房間。
5.  湖水結冰了。
6.  請幫我削鉛筆。
7.  我在車站迷路了。

🔹 **日翻中 (3題) - Lv 1.0**

1.  この深刻な問題について、どう思いますか。
2.  私は毎朝早く起きる。
3.  リンゴの皮をむいてください。

---

----------------------------------------

### 🗓️ 2026-02-14 Execution
[13:11:33] ⚙️ Sys: Checking for updates...
[13:11:33] ⚙️ Sys: No new user messages found.
[13:11:33] 🤖 Bot: 🗝️ **前次測驗詳解**

✅ 參考答案與解析 ✅

🔹 中翻日 (7題)

1.  這個問題非常嚴重。
    ➡️ この問題は**深刻**だ。
    *   解析：形容動詞「深刻」用於修飾名詞或作述語，表示情況嚴重。

2.  請你再忍耐一下。
    ➡️ もう少し**我慢**してください。
    *   解析：「我慢」作動詞時常接「する」，這裡以名詞形式與「してください」搭配，表示「請忍耐」。

3.  公司會提供必要的資料。
    ➡️ 会社が必要な資料を**提供**します。
    *   解析：「提供する」是「提供」的動詞形式，直接接賓語「資料を」。

4.  每天打掃房間很重要。
    ➡️ 毎日部屋を**掃除する**ことが大切だ。
    *   解析：「掃除する」為動詞，「～こと」將動詞名詞化，作主語。

5.  在山裡迷路時，食物補給非常重要。
    ➡️ 山で道に迷った時、食料の**補給**は非常に重要だ。
    *   解析：「補給」是名詞，直接用「～の補給」來表示「～的補給」。

6.  我今天想早點睡覺。
    ➡️ 今日は早く**寝たい**です。
    *   解析：「寝る」是動詞，「～たい」表示「想做～」。

7.  請把這根木頭削細。
    ➡️ この木を細く**削って**ください。
    *   解析：「削る」是動詞，這裡用「～てください」表示「請做～」。

🔹 日翻中 (3題)

1.  彼は危険から逃れることができた。
    ➡️ 他成功逃離了危險。
    *   解析：「逃れる（のがれる）」是「逃離、擺脫」的意思。「～ことができる」表示「能夠～」。

2.  このチームは物資の補給を待っている。
    ➡️ 這支隊伍正在等待物資補給。
    *   解析：「物資（ぶっし）」是「物資」。這裡的「補給（ほきゅう）」是名詞。「待っている（まっている）」是「正在等待」。

3.  試験が近いので、あまり寝る時間がありません。
    ➡️ 因為考試快到了，所以沒有太多時間睡覺。
    *   解析：「近い（ちかい）」是「近的」。「～ので」表示「因為～所以～」。「あまり～ない」表示「不怎麼～/沒有太多～」。

---

恭喜你！今天的特訓結束了！怎麼樣？有沒有感覺到 N2 跟你之間，那 14 天的鴻溝在慢慢縮小一點點？如果你今天有認真努力，那就對得起那 14 天的「放縱」。但如果又是不及格，那 N2 可能就真的要跟你說掰掰囉！

休息一下，但別休息太久，明天教練會繼續在這裡等你！別讓我等太久喔！😈
[13:11:53] 🤖 Bot: 早安！嗯？你確定是早安嗎？看看你這個進度，我怎麼看都像「早起被驚醒」的感覺啊！昨天必修又掛蛋了？0/10？這成績比我小學時候的體育課還慘耶！我們都已經 Day 15 了，照理說應該要漸入佳境才對，結果呢？外面天氣轉涼，是個適合靜下心來讀書的好日子，但你確定這時候不是該把你的腦袋也「皮繃緊一點」嗎？！

⚠️ **落後警報：你已經落後計畫 15 天了！** 這意味著我們整整繞了地球一圈又回到原點，距離 N2 越來越遠囉？你確定你的 N2 報名費不是拿來買醬油的嗎？我幫你算算，你每落後一天，就等於把一張千元大鈔丟進馬桶！現在已經丟了 15 張了，心不痛嗎？！

好吧，深呼吸！這是我們的**第 16 次特訓 (Day 1)！** 對，你沒聽錯，Day 1！因為你的N2進度，現在我們只能當作一切都沒發生過一樣，重新開始！今天開始，把你的拖延症丟到太平洋，把你的懶惰蟲綁在火箭上射上外太空！準備好了嗎？我們就從最基礎的單字，再次把你的 N2 合格之魂召喚回來！

⚔️ N2 衝刺班 Day 15/180 - 特訓任務開始！⚔️

📚 今日單字庫預習 (含弱點 🔥)
🔹 逃れる (逃離)
🔹 掃除する (打掃)
🔹 削る (削)
🔹 浴びる (淋浴)
🔹 食べる (吃)
🔹 浸ける (浸泡)
🔹 深刻 (嚴肅/嚴重) 🔥
🔹 提供 (提供/贊助) 🔥
🔹 溶かす (溶解)
🔹 我慢 (忍耐) 🔥

---

📝 **翻譯測驗時間！**

**Part 1: 中翻日 (7題) - Lv 1.0 (N5基礎)**

1.  這是一個**嚴重的**問題。
2.  請**忍耐**一下。
3.  政府**提供**了最新的資訊。
4.  他從危險中**逃離**了。
5.  每天早上**淋浴**後才出門。
6.  我會把冰塊**溶解**在水裡。
7.  把蔬菜**浸泡**在水中。

**Part 2: 日翻中 (3題) - Lv 1.0 (N5基礎)**

1.  彼は会社の会議で**深刻な**表情をしていた。
2.  毎日、部屋を**掃除する**のは大切なことです。
3.  彼は自分の食べたいものを**我慢**することが苦手だ。

---

----------------------------------------

### 🗓️ 2026-02-13 Execution
[13:23:44] ⚙️ Sys: Checking for updates...
[13:23:45] ⚙️ Sys: No new user messages found.
[13:23:45] 🤖 Bot: 🗝️ **前次測驗詳解**

哈囉，又是你！就知道你撐不住要偷看答案了，是吧？別以為我不知道！N2 合格證書不是用看的，是用念的、用寫的！不過既然都看到這裡了，就來對答案吧！看看你這次有沒有進步，還是繼續原地踏步，當你的N2萬年考生？！

⚔️ 今日考題解答與解析：

📝 中翻日 (7題) - Lv 1.0：
1. 我想提供一些幫助。
   ➡️ 援助を提供したいです。
   🔹解析： 「提供する」是常用動詞，表示「提供、供應」。當你想表達想做某事時，使用「〜たいです」句型。

2. 這個問題非常嚴重。
   ➡️ この問題は深刻です。
   🔹解析： 「深刻（しんこく）」是形容動詞，表示「嚴肅、嚴重」。用「〜は〜です」句型即可。

3. 請再忍耐一下下。
   ➡️ もう少し我慢してください。
   🔹解析： 「我慢（がまん）」是名詞也是サ變動詞，表示「忍耐」。禮貌的請求使用「〜てください」。

4. 我早餐吃了蒸蛋。
   ➡️ 朝食に茶碗蒸しを食べました。
   🔹解析： 「蒸す（むす）」是動詞「蒸」的意思。這裡可以聯想到日本人常吃的「茶碗蒸し」。

5. 奶奶正在煮飯。
   ➡️ 祖母がご飯を炊いています。
   🔹解析： 「炊く（たく）」是煮飯專用的動詞。表示正在進行的動作使用「〜ています」。

6. 我每天打掃房間。
   ➡️ 毎日部屋を掃除します。
   🔹解析： 「掃除する（そうじする）」是打掃的意思。注意「部屋を」使用受格助詞「を」。

7. 請將水和油混合。
   ➡️ 水と油を混ぜてください。
   🔹解析： 「混ぜる（まぜる）」是「混合、攪拌」的意思。「〜と〜を」表示將兩種東西混合。

📝 日翻中 (3題) - Lv 1.0：
8. その会社は、無料の飲み物を提供しています。
   ➡️ 那間公司提供免費的飲料。
   🔹解析： 「無料（むりょう）」是免費，「飲み物（のみもの）」是飲料。「提供する」表示提供，用「〜ています」表示持續提供或目前狀態。

9. 寒いので、湖の水が凍ってしまった。
   ➡️ 因為很冷，所以湖水結冰了。
   🔹解析： 「寒い（さむい）」是冷的，「湖（みずうみ）」是湖。「凍る（こおる）」是結冰。「〜ので」表示原因，「〜てしまった」表示不小心或遺憾地發生某事。

10. 彼は危険から無事に逃れることができた。
    ➡️ 他成功地從危險中逃脫了。
    🔹解析： 「危険（きけん）」是危險，「無事（ぶじ）に」是平安地、順利地。「逃れる（のがれる）」是逃離、脫離。「〜ことができる」表示能夠做某事。

恭喜你！今天的訓練結束了！不過別高興得太早，你還有 12 天的落後等著你補回來！今天只是個開始！繼續保持下去！明天見！
[13:24:03] 🤖 Bot: 早安！🌞 現在是台北時間早上七點，窗外陽光普照，正是個活力滿滿、適合學習的大好日子！還是...適合你繼續蒙頭大睡，假裝沒看到這個「⚠️ 落後警報：你已經落後計畫 14 天了！」？別忘了，我們已經來到 Day 14 了，距離 N2 越來越遠囉？你報名 N2 的錢，不會想拿去打水漂吧？皮繃緊一點，是時候動起來了！

這是我們的第 15 次特訓 (Day 1)！是的，雖然行程上你已經華麗地「跳過」了 14 天，但沒關係，只要你現在開始用力追趕，教練我還是會把你拉上岸的。但前提是，你得先伸出手來啊！

昨日表現：必修 0/10。狀態：偷懶！非常好，恭喜你成功讓你的 N2 夢想又多了一個對手——「拖延症」。看來今天教練得把音量開到最大，把你從夢中搖醒了！別睡了，再睡你的 N2 就真的變成 N "never" 了！

⚔️ 今日衝刺目標：
- 中翻日 (7題): Lv 1.0 (N5 基礎，專注於單字記憶。)
- 日翻中 (3題): Lv 1.0 (N5 基礎，專注於單字記憶。)

📚 今日單字庫預習 (含弱點 🔥，請特別注意！)：
- 補給 (ほきゅう) - 補給
- 逃れる (のがれる) - 逃離
- 寝る (ねる) - 睡覺
- 掃除する (そうじする) - 打掃
- 提供 (ていきょう) - 提供/贊助 🔥
- 深刻 (しんこく) - 嚴肅/嚴重 🔥
- 削る (けずる) - 削
- 我慢 (がまん) - 忍耐 🔥

---

📝 翻譯測驗 📝

🔹 中翻日 (7題)

1.  這個問題非常嚴重。 (請使用弱點詞「深刻」)
2.  請你再忍耐一下。 (請使用弱點詞「我慢」)
3.  公司會提供必要的資料。 (請使用弱點詞「提供」)
4.  每天打掃房間很重要。
5.  在山裡迷路時，食物補給非常重要。
6.  我今天想早點睡覺。
7.  請把這根木頭削細。

🔹 日翻中 (3題)

1.  彼は危険から逃れることができた。 (請特別注意「逃れる」)
2.  このチームは物資の補給を待っている。
3.  試験が近いので、あまり寝る時間がありません。

好了，考卷發下去，計時開始！別再發呆了，你還有 14 天的債要還！💪

----------------------------------------

### 🗓️ 2026-02-12 Execution
[13:26:52] ⚙️ Sys: Checking for updates...
[13:26:53] ⚙️ Sys: No new user messages found.
[13:26:53] 🤖 Bot: 🗝️ **前次測驗詳解**

⚔️ N2 衝刺班：地獄特訓 Day 13 (Day 1) - 解答卷 ⚔️

好，深呼吸，準備好面對現實了嗎？不要覺得昨天偷懶沒事，看看這落後 11 天的數字，你還有資格驕傲嗎？現在就來看看你今天有沒有稍微把腦袋接回去一點！

📚 今日單字庫 (含弱點 🔥) - 再看一次！不熟的給我去罰寫！

*   浴びる (淋浴)
*   むく (剝皮)
*   深刻 (嚴肅/嚴重) 🔥
*   我慢 (忍耐) 🔥
*   直る (修復)
*   流す (沖洗)
*   蒸す (蒸)
*   提供 (提供/贊助) 🔥

📝 翻譯測驗：答案揭曉！

🔹 中翻日 (7題) - Lv 1.0

1.  這是一個很嚴重的問題。
    *   參考答案：これは**深刻**な問題です。
    *   解析：形容動詞「深刻」接名詞時，要加「な」。

2.  請忍耐一下。
    *   參考答案：少し**我慢**してください。
    *   解析：「我慢する」是動詞，這裡用「～してください」表達請求。

3.  這家店提供免費的無線網路。
    *   參考答案：この店は無料Wi-Fiを**提供**しています。
    *   解析：「提供する」是動詞，「を」是受格助詞。

4.  我每天早上都會淋浴。
    *   參考答案：私は毎日シャワーを**浴びます**。
    *   解析：「シャワーを浴びる」是慣用搭配，表示「淋浴」。

5.  請把蘋果皮剝掉。
    *   參考答案：リンゴの皮を**むいて**ください。
    *   解析：「むく」是「剝、削」的意思，用於果皮。

6.  請把水沖掉。
    *   參考答案：水を**流して**ください。
    *   解析：「流す」是「沖洗、流動」的意思。

7.  請把地瓜蒸熟。
    *   參考答案：サツマイモを**蒸して**ください。
    *   解析：「蒸す」是「蒸」的意思。

🔹 日翻中 (3題) - Lv 1.0

1.  壊れた時計が直りました。
    *   參考答案：壞掉的時鐘修好了。
    *   解析：「壊れた」是「壊れる (壞掉)」的過去式修飾名詞「時計」。「直る」是他動詞「直す (修理)」的自動詞形式，表示「被修好、恢復原狀」。

2.  痛くても、我慢しなければなりません。
    *   參考答案：即使很痛，也必須忍耐。
    *   解析：「～ても」表示「即使、就算」。「～なければなりません」表示「必須做...」。這裡的「我慢」是名詞，也可以是動詞詞幹，構成「我慢する」。

3.  猫は水を浴びるのが嫌いです。
    *   參考答案：貓咪不喜歡淋水。
    *   解析：「～のが嫌いです」是表示「不喜歡做某事」的句型。「浴びる」在此指被水淋到。

⚔️ 教練總結 ⚔️

怎麼樣？有達標嗎？那些錯的給我把單字和句型抄十遍！N2 是靠點滴累積的，不是靠你躺在床上空想就能考過的！你還有 11 天的債沒還，最好今天就給我把精神武裝起來！

給我記住，N2 戰士沒有退路！明天繼續！
[13:27:13] 🤖 Bot: 哈囉！還在冬眠啊？你看看窗外，今天陰雨綿綿的，是不是跟你 N2 的進度一樣，陰沉沉、濕答答，怎麼也曬不乾啊？！醒醒啦！這是我們的第 14 次特訓 (Day 1)！不是 Day 140 啊！

昨日表現：必修 0/10，狀態：偷懶？！我的天啊！(⚠️ 落後警報：你已經落後計畫 12 天了！距離 N2 越來越遠囉？皮繃緊一點！) 你以為你的 N2 報名費是贊助公益的嗎？還是你打算考心酸的？現在是該拿出毅力的時候了，別再當鹹魚了，今天就從這 10 題開始，把落後的進度一點一點補回來！聽到了沒？！

📚 今日單字庫 (含弱點 🔥)：
🔹 提供 (提供/贊助) 🔥
🔹 蒸す (蒸)
🔹 深刻 (嚴肅/嚴重) 🔥
🔹 我慢 (忍耐) 🔥
🔹 炊く (煮飯)
🔹 掃除する (打掃)
🔹 溶かす (溶解)
🔹 混ぜる (攪拌)
🔹 凍る (結冰)
🔹 逃れる (逃離)

⚔️ 正式開始特訓！

📝 中翻日 (7題) - Lv 1.0：
1. 我想提供一些幫助。
2. 這個問題非常嚴重。
3. 請再忍耐一下下。
4. 我早餐吃了蒸蛋。
5. 奶奶正在煮飯。
6. 我每天打掃房間。
7. 請將水和油混合。

📝 日翻中 (3題) - Lv 1.0：
8. その会社は、無料の飲み物を提供しています。
9. 寒いので、湖の水が凍ってしまった。
10. 彼は危険から無事に逃れることができた。

----------------------------------------

### 🗓️ 2026-02-11 Execution
[13:38:46] ⚙️ Sys: Checking for updates...
[13:38:47] ⚙️ Sys: No new user messages found.
[13:38:47] 🤖 Bot: 🗝️ **前次測驗詳解**

📜 衝刺班解答卷 📜

恭喜你！終於撐過今天的測驗了！
現在，是檢視成果的時候了。請誠實核對答案，別想著偷看答案紙喔！
錯了沒關係，重要的是從錯誤中學習，下一次不要再犯！
（特別是那些昨天才考零分的，給我仔細看！）

🔹 中翻日 參考答案

1.  這件事情很嚴重，我們必須認真討論。
    👉 この問題は深刻なので、私たちは真剣に話し合うべきです。
    (或：この件は深刻ですから、真剣に話し合いましょう。)
    *   解析：
        *   「這件事情」可用「この問題 (このもんだい)」或「この件 (このけん)」。
        *   「很嚴重」直接用「深刻だ (しんこくだ)」或「深刻です」。後面接「ので/から」表示原因。
        *   「認真討論」是「真剣に話し合う (しんけんに はなしあう)」。
        *   「必須」可用「～べきです」或「～なければなりません」。句尾可視語氣調整為「～ましょう」。

2.  學生們忍耐著寒冷，等待公車。
    👉 学生たちは寒さを我慢して、バスを待っています。
    *   解析：
        *   「忍耐著寒冷」是「寒さを我慢して (さむさを がまんして)」。這裡「を」是受格助詞，表示忍耐的對象。
        *   「等待公車」是「バスを待っています (バスを まっています)」。

3.  我想睡覺，但是現在還不能睡。
    👉 寝たいですが、今はまだ寝られません。
    *   解析：
        *   「我想睡覺」是「寝たいです (ねたいです)」。
        *   「但是」用「が」或「けれど」。
        *   「現在還不能睡」是「今はまだ寝られません (いまは まだ ねられません)」。這裡是「寝る」的可能形「寝られる」的否定。

4.  蘋果要削皮之後才能吃。
    👉 りんごは皮をむいてから食べます。
    *   解析：
        *   「蘋果」是「りんご」。
        *   「削皮」是「皮をむく (かわを むく)」。這裡用「～てから」表示「～之後」。
        *   「才能吃」在日文中通常直接用「食べます」表達其順序關係。

5.  這台電腦常常損壞。
    👉 このパソコンはよく壊れます。
    *   解析：
        *   「這台電腦」是「このパソコン」。
        *   「常常」是「よく」。
        *   「損壞」是「壊れる (こわれる)」。

6.  氣溫會下降到零度以下。
    👉 気温は零度以下に下がります。
    *   解析：
        *   「氣溫」是「気温 (きおん)」。
        *   「零度以下」是「零度以下 (れいどいか)」。
        *   「下降到～」用「～に下がる (～に さがる)」。

7.  修好的椅子可以再用嗎？
    👉 直った椅子はまた使えますか？
    *   解析：
        *   「修好的椅子」是「直った椅子 (なおった いす)」。這裡用「直る」的た形修飾名詞。
        *   「再用」是「また使えます (また つかえます)」。這裡用「使える (つかえる)」表示可能形。

🔹 日翻中 參考答案

8.  この会社は地域のイベントに資金を提供しました。
    👉 這間公司為地區活動提供了資金。
    *   解析：
        *   「この会社 (このかいしゃ)」：這間公司。
        *   「地域 (ちいき) のイベント」：地區的活動。
        *   「資金 (しきん) を提供しました (ていきょうしました)」：提供了資金。

9.  池の水が凍っています。
    👉 池子的水結冰了。
    *   解析：
        *   「池 (いけ) の水 (みず)」：池子的水。
        *   「凍っています (こおっています)」：結冰了。(「～ている」表示狀態持續)。

10. ボールペンで紙を削るな。
    👉 不可以用原子筆刮紙。(或：不要用原子筆削紙。)
    *   解析：
        *   「ボールペンで」：用原子筆。
        *   「紙 (かみ) を削る (けずる) な」：「削る」是「削、刮」的意思，加上「な」表示禁止，語氣較強烈。
[13:39:04] 🤖 Bot: ⚔️ N2 衝刺班：地獄特訓 Day 13 (Day 1)！⚔️

親愛的學員，早安... 嗯，應該說，現在還敢睡？外面艷陽高照，但你的 N2 進度已經烏雲密佈了！我們這是第 13 次特訓了 (對，別懷疑，你才剛從 Day 1 啟動而已)，然而看看你的成績單：昨日表現 0/10，狀態：偷懶！

來，睜開你的睡眼惺忪，看看這個血淋淋的數字：⚠️ 落後警報：你已經落後計畫 11 天了！11天啊！這時候你還能心安理得地偷懶？你的 N2 報名費難道是丟到水裡去餵魚了嗎？還是你打算在考場上用眼神電爆考官，而不是用日文？

N2 考場可不吃你這套喔！今天沒有藉口，沒有慈悲，只有戰鬥！既然昨天睡飽飽了，今天就給我把精神拿出來，把那些落後的進度用兩倍速追回來！聽到了嗎？來，深呼吸，我們要開始了！

📚 今日單字庫 (含弱點 🔥)

*   浴びる (淋浴)
*   むく (剝皮)
*   深刻 (嚴肅/嚴重) 🔥
*   我慢 (忍耐) 🔥
*   直る (修復)
*   流す (沖洗)
*   蒸す (蒸)
*   提供 (提供/贊助) 🔥

📝 翻譯測驗：準備好了嗎？給我把眼睛睜大！

🔹 中翻日 (7題) - Lv 1.0

1.  這是一個很嚴重的問題。
2.  請忍耐一下。
3.  這家店提供免費的無線網路。
4.  我每天早上都會淋浴。
5.  請把蘋果皮剝掉。
6.  請把水沖掉。
7.  請把地瓜蒸熟。

🔹 日翻中 (3題) - Lv 1.0

1.  壊れた時計が直りました。
2.  痛くても、我慢しなければなりません。
3.  猫は水を浴びるのが嫌いです。

你只有一次機會！寫完就給我檢查，不要讓我看到任何像翻譯機吐出來的東西！

----------------------------------------

### 🗓️ 2026-02-10 Execution
[13:39:52] ⚙️ Sys: Checking for updates...
[13:39:53] ⚙️ Sys: No new user messages found.
[13:39:53] 🤖 Bot: 🗝️ **前次測驗詳解**

哈囉，N2 衝刺大師！你的答案寫好了嗎？是時候揭曉是「衝刺成功」還是「原地爆炸」了！

看你那緊張的小表情，別擔心，就算答錯了，至少你還有機會補考——明年！開玩笑的啦，但請務必把錯誤的地方搞清楚，我們已經落後 10 天了，沒有多餘的時間給你模糊帶過！

✅ **參考答案與解析**

⚔️ **Part 1: 中翻日 (7題)**

1.  **請你再忍耐一下。**
    *   もうちょっと我慢してください。
    *   *解析*：`我慢する` 是「忍耐」的意思。`もうちょっと` 表示「再一點點」。

2.  **這間公司提供免費的午餐。**
    *   この会社は無料のランチを提供しています。
    *   *解析*：`提供する` 是「提供」的意思。`無料のランチ` 則是「免費的午餐」。

3.  **請把蔬菜蒸一下。**
    *   野菜を蒸してください。
    *   *解析*：`蒸す` (むす) 是「蒸」這個動作。

4.  **洗碗是我每天的例行公事。**
    *   食器を洗うのは私の毎日の日課です。
    *   *解析*：`食器を洗う` 是「洗碗」。`日課 (にっか)` 指的是「每天的例行公事」。

5.  **他的問題非常嚴重。**
    *   彼の問題はとても深刻です。
    *   *解析*：`深刻 (しんこく)` 指的是「嚴重的、嚴肅的」。

6.  **我今天早上吃了麵包。**
    *   今朝、パンを食べました。
    *   *解析*：`今朝 (けさ)` 是「今天早上」。`食べる (たべる)` 是「吃」。

7.  **車子壞了，我走路上班。**
    *   車が壊れたので、歩いて会社に行きました。
    *   *解析*：`壊れる (こわれる)` 是「損壞、壞掉」。`歩いて` (歩く + て) 表示「走路的方式」。`〜ので` 表示原因。

⚔️ **Part 2: 日翻中 (3題)**

8.  **山で遭難した人たちは、食料と水の補給を待っていた。**
    *   *中文翻譯*：在山裡遇難的人們，正在等待食物和水的補給。
    *   *解析*：`遭難 (そうなん) する` 是「遇難」。`食料 (しょくりょう)` 是「食物」。`補給 (ほきゅう)` 是「補給」。

9.  **疲れていても、毎日お風呂に入って体をきれいに洗います。**
    *   *中文翻譯*：即使很累，我每天也會洗澡，把身體洗乾淨。
    *   *解析*：`〜ていても` 是「即使...也...」。`お風呂 (おふろ) に入る` 是「洗澡」。`体を洗う` 是「洗身體」。

10. **花瓶に花を浸けて飾った。**
    *   *中文翻譯*：把花浸泡在花瓶裡裝飾。
    *   *解析*：`花瓶 (かびん)` 是「花瓶」。`浸ける (つける)` 是「浸泡」。`飾る (かざる)` 是「裝飾」。

今天表現如何？有沒有感覺 N2 離你又近了一點點？還是更遠了？別忘記，我們已經落後了 10 天！這不是開玩笑的！每一天的怠惰都在幫 N2 考試的難度等級加碼，你確定要這樣玩嗎？

今天好好檢討，明天給我看到你的決心！不准再給我交白卷了，聽到沒！💪
[13:40:22] 🤖 Bot: ⚔️ N2 衝刺班：地獄特訓 Day 11/180 ⚔️

哈囉，我可愛又天真的學員！又見面了！
看到這條數據，不知道你有沒有跟我一樣，感覺到背脊一陣涼意呢？
⚠️ 落後警報：你已經落後計畫 11 天了！距離 N2 越來越遠囉？皮繃緊一點！
昨日表現：必修 0/10。完美！真的非常完美！完美到我想問你，你是不是覺得你的 N2 報名費太多、花不完啊？
外頭的陽光這麼好，鳥語花香的，你說你昨天能考個零分，是不是對得起這大好春光？對得起你的 N2 報名費嗎？嗯？

不過沒關係，都Day 11了，我們還有169天可以繼續完美（？）下去。
今天，是我們重振旗鼓的【第 12 次特訓 (Day 1)】！
你看看，才特訓第二天你就Day 1了，是不是很有潛力從頭開始啊？
好啦，別鬧了！既然知道落後，就要用雙倍的努力追回來！從今天起，把你的懶惰蟲打包丟進垃圾桶！
今天給你安排的難度是 N5 基礎，這要是再給我交白卷，我可真的要考慮請你喝「奮鬥咖啡」了，保證你一整晚都睡不著！
廢話不多說，先來預習一下今天的戰鬥詞彙！

📚 今日單字庫 (含弱點 🔥)
🔹 寝る (ねる) - 睡覺
🔹 我慢 (がまん) - 忍耐 🔥
🔹 壊れる (こわれる) - 損壞
🔹 深刻 (しんこく) - 嚴肅/嚴重 🔥
🔹 下がる (さがる) - 下降
🔹 むく - 剝皮
🔹 削る (けずる) - 削
🔹 直る (なおる) - 修復
🔹 提供 (ていきょう) - 提供/贊助 🔥
🔹 凍る (こおる) - 結冰

準備好了嗎？深呼吸，把你的 N2 報名費當成燃料，衝刺吧！

📝 翻譯測驗：中翻日 (7題) & 日翻中 (3題)
目標：零失誤！每個字詞都要給我精準！

🔹 中翻日 (7題) Lv 1.0

1.  這件事情很嚴重，我們必須認真討論。
2.  學生們忍耐著寒冷，等待公車。
3.  我想睡覺，但是現在還不能睡。
4.  蘋果要削皮之後才能吃。
5.  這台電腦常常損壞。
6.  氣溫會下降到零度以下。
7.  修好的椅子可以再用嗎？

🔹 日翻中 (3題) Lv 1.0

8.  この会社は地域のイベントに資金を提供しました。
9.  池の水が凍っています。
10. ボールペンで紙を削るな。

----------------------------------------

### 🗓️ 2026-02-09 Execution
[13:39:48] ⚙️ Sys: Checking for updates...
[13:39:48] ⚙️ Sys: No new user messages found.
[13:39:48] 🤖 Bot: 🗝️ **前次測驗詳解**

⚔️ N2 衝刺班，Day 9/180！解答時間！

準備好了嗎？讓我們來看看今天的戰果！如果錯太多，小心教練的愛心鐵拳喔！

📚 今日單字庫 (複習)：
浴びる (淋浴)
我慢 (忍耐)
直る (修復)
補給 (補給)
迷う (迷路)
むく (剝皮)
深刻 (嚴肅/嚴重)
提供 (提供/贊助)

📝 翻譯測驗：參考答案與解析

🔹 中翻日 (7題)

1.  這個問題很嚴重，我們必須認真思考。
    *   **參考答案：** この問題は**深刻**なので、真剣に考えなければならない。
    *   **解析：** 「深刻(しんこく)」表示「嚴肅、嚴重」。句型「～なので」表示原因，「～なければならない」表示「必須做…」。

2.  請你忍耐一下，手術很快就結束了。
    *   **參考答案：** もう少し**我慢**してください、手術はすぐに終わります。
    *   **解析：** 「我慢(がまん)」表示「忍耐」。 「もう少し～してください」表示「請再忍耐一下」。

3.  每天早上我都會沖個冷水澡。
    *   **參考答案：** 毎朝、冷たいシャワーを**浴びます**。
    *   **解析：** 「浴びる(あびる)」接續「～を浴びる」表示「淋浴、沐浴」。

4.  壞掉的時鐘終於修好了。
    *   **參考答案：** 壊れた時計はやっと**直りました**。
    *   **解析：** 「直る(なおる)」表示「修好、痊癒」，為自動詞。

5.  比賽中需要適時補給水分。
    *   **參考答案：** 試合中に適度に水分を**補給**する必要があります。
    *   **解析：** 「補給(ほきゅう)」表示「補給」。 「～が必要がある」表示「有…的必要」。

6.  我在車站迷路了，不知道該往哪裡走。
    *   **參考答案：** 駅で**迷って**、どちらに行けばいいか分かりません。
    *   **解析：** 「迷う(まよう)」表示「迷路、猶豫不決」。 「～て、…」連接句子。 「どちらに行けばいいか分かりません」表示「不知道往哪裡走比較好」。

7.  請幫我把蘋果皮剝掉。
    *   **參考答案：** リンゴの皮を**むいて**ください。
    *   **解析：** 「むく」表示「剝皮」。 「～をむく」接續。 「～てください」表示「請做…」。

🔹 日翻中 (3題)

1.  このホテルは、お客様に無料の朝食を**提供**しています。
    *   **參考答案：** 這間飯店為客人提供免費早餐。
    *   **解析：** 「提供(ていきょう)する」表示「提供、贊助」。句型「～に～を**提供**する」表示「向…提供…」。

2.  毎日、太陽の光を浴びて健康に過ごしましょう。
    *   **參考答案：** 每天沐浴在陽光下，健康地生活吧。
    *   **解析：** 「浴びる(あびる)」表示「沐浴、淋」。 「～て」連接句子，表示方式或因果。 「～ましょう」表示「一起做…吧、建議」。

3.  彼の病気は、医者の治療で完全に治りました。
    *   **參考答案：** 他的病在醫生的治療下完全康復了。
    *   **解析：** 「直る(なおる)」表示「痊癒、復原」，為自動詞。 「～で」表示手段或原因。 「完全に」為副詞，表示「完全地」。
[13:40:10] 🤖 Bot: 早安啊，我的 N2 拖延大師！外面陽光普照，鳥語花香，你卻在這裡與 N2 距離越來越遠？這可是我們的第 11 次特訓了，雖然總體衝刺進度是 Day 10，但看你昨日必修 0/10 的『輝煌』戰績，這根本是 Day 1 的新手村狀態啊！

⚠️ 落後警報響得震天價響：我們已經落後計畫 10 天了！10 天！這時候你還在賴床數羊，對得起你那血汗錢報名費嗎？還是說你想把 N2 考試變成每年一度的觀光行程啊？皮給我繃緊一點！今天沒過，我看你明年還想不想見到 N2 合格證書！

來吧，收起你那慵懶的貓咪表情，雖然進度落後得令人髮指，但好歹我們還是要往 N2 的方向爬！今天，就從基礎開始，重新找回一點點讀書的感覺。

📚 **今日衝刺重點預習！**

🔹 **單字庫 (含弱點 🔥)**：
*   蒸す (むす) (蒸)
*   深刻 (しんこく) (嚴肅/嚴重) 🔥
*   壊れる (こわれる) (損壞)
*   提供 (ていきょう) (提供/贊助) 🔥
*   補給 (ほきゅう) (補給)
*   洗う (あらう) (洗)
*   我慢 (がまん) (忍耐) 🔥
*   浸ける (つける) (浸泡)
*   食べる (たべる) (吃)

📝 **測驗開始！**

⚔️ **Part 1: 中翻日 (7題) - Lv 1.0 基礎訓練！**

1.  請你再忍耐一下。
2.  這間公司提供免費的午餐。
3.  請把蔬菜蒸一下。
4.  洗碗是我每天的例行公事。
5.  他的問題非常嚴重。
6.  我今天早上吃了麵包。
7.  車子壞了，我走路上班。

⚔️ **Part 2: 日翻中 (3題) - Lv 1.0 基礎閱讀！**

8.  山で遭難した人たちは、食料と水の補給を待っていた。
9.  疲れていても、毎日お風呂に入って体をきれいに洗います。
10. 花瓶に花を浸けて飾った。

----------------------------------------

### 🗓️ 2026-02-08 Execution
[13:25:44] ⚙️ Sys: Checking for updates...
[13:25:45] ⚙️ Sys: No new user messages found.
[13:25:45] 🤖 Bot: 🗝️ **前次測驗詳解**

---

**【Part 2: 解答卷】**

**🎯 今日雙軌難度目標：Lv 1.0 (N5 基礎，專注於單字記憶)**

**一、中翻日 (7題)**

1.  這是一個非常嚴重的問題。
    🔹 參考答案：これはとても**深刻**な問題です。
    🔹 解析：「非常嚴重的」可以用「とても深刻な」來表達。

2.  那家咖啡廳提供免費的Wi-Fi。
    🔹 參考答案：あのカフェは無料のWi-Fiを**提供**しています。
    🔹 解析：「提供」動詞原形為「提供する」。這裡使用「〜しています」表示持續提供的狀態。

3.  請再忍耐一下，快到了。
    🔹 參考答案：もう少々**我慢**してください、もうすぐ着きますよ。
    🔹 解析：「忍耐」動詞原形為「我慢する」。這裡使用「我慢してください」表示請求忍耐。

4.  我媽媽每天早上都會煮飯。
    🔹 參考答案：私の母は毎日ご飯を**炊きます**。
    🔹 解析：「煮飯」在日文中常用「ご飯を炊く」來表示。

5.  吃飯前請記得洗手。
    🔹 參考答案：食事の前に手を**洗う**のを忘れないでください。
    🔹 解析：「洗手」是「手を洗う」，「〜のを忘れないでください」是「請不要忘記做〜」的句型。

6.  我早上六點起床。
    🔹 參考答案：私は朝六時に**起きる**。
    🔹 解析：「起床」是「起きる」。

7.  請在下一個路口右轉。
    🔹 參考答案：次の角を右に**曲がって**ください。
    🔹 解析：「轉彎」是「曲がる」。指示別人轉彎時，常用「〜てください」的請求句型。

**二、日翻中 (3題)**

1.  彼の発言は、会議に深刻な影響を与えた。
    🔹 參考答案：他的發言對會議造成了嚴重的影響。
    🔹 解析：`深刻な`是「嚴重的、深刻的」，`〜に影響を与える`是「對〜造成影響」。

2.  健康のために、野菜を蒸して食べることが多いです。
    🔹 參考答案：為了健康，我經常蒸蔬菜來吃。
    🔹 解析：`健康のために`是「為了健康」，`蒸す`是「蒸」，`〜て食べることが多いです`是「經常〜來吃」。

3.  毎朝シャワーを浴びて、気分をリフレッシュします。
    🔹 參考答案：每天早上淋浴，讓心情煥然一新。
    🔹 解析：`浴びる`是「淋浴、洗澡」，`〜て、〜します`表示連續動作，`気分をリフレッシュする`是「讓心情煥然一新」。
[13:26:09] 🤖 Bot: ⚔️ N2 衝刺班，Day 9/180！教練報到！

嘿！還在睡啊？窗外太陽都曬屁股了，你還在跟周公下棋嗎？N2 衝刺班的戰士，今天是我們第 10 次特訓了！教練我可沒在跟你開玩笑，你看看這衝刺狀態數據 (⚠️ 落後警報：你已經落後計畫 8 天了！距離 N2 越來越遠囉？皮繃緊一點！)，我們已經落後整整 8 天了！這時候睡覺對得起你的 N2 報名費嗎？昨天必修 0/10，嗯，很棒，直接睡掉一整天！你是想用夢遊的方式考到 N2 證書是不是？今天請你皮繃緊一點，別再把我的心臟練成金剛不壞之身了！今天，我們要來點真格的！

📚 今日單字庫預習 (弱點 🔥)：
浴びる (淋浴)
我慢 (忍耐) 🔥
直る (修復)
補給 (補給)
迷う (迷路)
むく (剝皮)
深刻 (嚴肅/嚴重) 🔥
提供 (提供/贊助) 🔥

📝 翻譯測驗

🔹 中翻日 (7題) - Lv 1.0 (N5 基礎，專注於單字記憶。)

1.  這個問題很嚴重，我們必須認真思考。
2.  請你忍耐一下，手術很快就結束了。
3.  每天早上我都會沖個冷水澡。
4.  壞掉的時鐘終於修好了。
5.  比賽中需要適時補給水分。
6.  我在車站迷路了，不知道該往哪裡走。
7.  請幫我把蘋果皮剝掉。

🔹 日翻中 (3題) - Lv 1.0 (N5 基礎，專注於單字記憶。)

1.  このホテルは、お客様に無料の朝食を提供しています。
2.  毎日、太陽の光を浴びて健康に過ごしましょう。
3.  彼の病気は、医者の治療で完全に治りました。

----------------------------------------

### 🗓️ 2026-02-07 Execution
[13:07:50] ⚙️ Sys: Checking for updates...
[13:07:51] ⚙️ Sys: No new user messages found.
[13:07:51] 🤖 Bot: 🗝️ **前次測驗詳解**

---

✅ 解答卷：N2 衝刺班 Day 7/180

好了，該面對現實了！剛剛的題目是不是覺得有點「深刻」？還是有「我慢」住沒有偷看答案呢？現在立刻放下你的筆，準備核對答案！

---

🔹 Part 1: 中翻日 (7題) - Lv 1.0 參考解答

1.  這是一個很深刻的問題。
    ➡️ これは**深刻な**問題です。
    *   解析：`深刻な` 是形容動詞，修飾名詞 `問題` 時用 `な`。
2.  請再忍耐一下下。
    ➡️ もう少し**我慢して**ください。
    *   解析：`我慢する` (忍耐) 的 `て形` 用法，表示請求。
3.  這間飯店提供免費早餐。
    ➡️ このホテルは無料の朝食を**提供しています**。
    *   解析：`提供する` (提供) 的 `て形 + いる` 表示持續狀態或習慣。
4.  我的腳踏車壞了。
    ➡️ 私の自転車が**壊れました**。
    *   解析：`壊れる` (損壞) 是自動詞，表示東西本身壞掉。
5.  我每天早上七點起床。
    ➡️ 私は毎日朝七時に**起きます**。
    *   解析：`起きる` (起床) 的禮貌體。
6.  今天媽媽煮飯。
    ➡️ 今日、母がご飯を**炊きます**。
    *   解析：`炊く` (煮飯) 是他動詞，指「煮米飯」。
7.  我現在想吃壽司。
    ➡️ 私は今、寿司が**食べたい**です。
    *   解析：`食べたい` 是 `食べる` 的希望形，表示「想吃」。

🔹 Part 2: 日翻中 (3題) - Lv 1.0 參考解答

1.  彼は深刻な顔をしていました。
    ➡️ 他露出了嚴肅的表情。 / 他當時的臉色很嚴肅。
    *   解析：`深刻な顔` 指嚴肅、凝重的表情。`～をしていました` 表示過去的持續狀態或動作。
2.  健康のために、野菜を蒸して食べます。
    ➡️ 為了健康，我會蒸蔬菜來吃。
    *   解析：`～のために` 表示「為了～目的」。`蒸して食べる` 是動詞 `蒸す` 的 `て形` 連接 `食べる`，表示「蒸了之後吃」。
3.  壊れたパソコンがやっと直りました。
    ➡️ 壞掉的電腦終於修好了。
    *   解析：`壊れたパソコン` 指「壞掉的電腦」。`やっと` 表示「終於」，通常帶有達成某個目標的語氣。`直る` (修好) 是自動詞，表示東西被修好了。

---

今天你的腦袋有沒有動起來？N2的路很長，但一步一腳印，我們總會到達終點。當然，前提是你不要再給我七天落後進度！下次特訓見！😤
[13:08:12] 🤖 Bot: 好哇，這位大小姐，睡醒啦？是不是覺得昨天睡得特別香，夢裡都有N2合格證書在向你招手？別傻了，現實是骨感的！你看，窗外今天都陰陰的，連太陽公公都在替你嘆氣，覺得你對不起這大好光陰！

這是我們的第 9 次特訓 (Day 1)！是的，你沒聽錯，Day 1！因為我決定今天給你來個「重啟」，看看你能不能把昨天的懶散統統格式化掉！

⚔️ 衝刺狀態數據：⚠️ 落後警報！我們已經落後計畫整整 7 天了！七天！你以為這七天只是放假嗎？這時候你還在想著睡覺，對得起你那血汗錢繳的 N2 報名費嗎？距離 N2 越來越遠囉？皮繃緊一點！否則，我看你報名費準備捐獻給日檢協會比較快！

昨日表現：必修 0/10。狀態：偷懶！這不是偷懶，這是「慢性自殺」懂不懂？好了，廢話不多說，今天必須給我打起精神來！不然，我可要開始實行斯巴達式懲罰了！

📚 今日單字預習：
🔹 深刻 (嚴肅/嚴重)
🔹 炊く (煮飯)
🔹 蒸す (蒸)
🔹 洗う (洗)
🔹 浴びる (淋浴)
🔹 提供 (提供/贊助)
🔹 逃れる (逃離)
🔹 起きる (起床)
🔹 我慢 (忍耐)
🔹 曲がる (轉彎)

📝 今日挑戰：N2 衝刺 Day 8/180 (實際是第 9 次特訓 Day 1！)

---

**【Part 1: 題目卷】**

**🎯 今日雙軌難度目標：Lv 1.0 (N5 基礎，專注於單字記憶)**

**一、中翻日 (7題)**

1.  這是一個非常嚴重的問題。
2.  那家咖啡廳提供免費的Wi-Fi。
3.  請再忍耐一下，快到了。
4.  我媽媽每天早上都會煮飯。
5.  吃飯前請記得洗手。
6.  我早上六點起床。
7.  請在下一個路口右轉。

**二、日翻中 (3題)**

1.  彼の発言は、会議に深刻な影響を与えた。
2.  健康のために、野菜を蒸して食べることが多いです。
3.  毎朝シャワーを浴びて、気分をリフレッシュします。

---

----------------------------------------

### 🗓️ 2026-02-06 Execution
[13:17:46] ⚙️ Sys: Checking for updates...
[13:17:47] ⚙️ Sys: No new user messages found.
[13:17:47] 🤖 Bot: 🗝️ **前次測驗詳解**

⚔️ 日文 N2 衝刺班｜解答卷

🔹 中翻日：參考答案

🔸 問題一：這件事情很嚴重。
    參考答案：この件は深刻です。
    解析：
    *   「這件事情」：この件 (このけん)。「件」在這裡指事情。
    *   「很嚴重」：深刻です (しんこくです)。「深刻」為形容動詞，後面接「です」表示判斷。

🔸 問題二：請忍耐一下。
    參考答案：我慢してください。
    解析：
    *   「忍耐」：我慢 (がまん)。名詞或動詞詞幹。
    *   「請...」：~してください (~してください)。動詞て形+ください，表示請求、命令。

🔸 問題三：我會提供幫助。
    參考答案：手伝いを提供します。 / 助けを提供します。
    解析：
    *   「提供」：提供します (ていきょうします)。動詞「提供する」的ます形。
    *   「幫助」：手伝い (てつだい) 或 助け (たすけ)。這裡使用名詞形式。

🔸 問題四：每天早上7點起床。
    參考答案：毎日、朝７時に起きます。
    解析：
    *   「每天」：毎日 (まいにち)。
    *   「早上7點」：朝７時 (あさしちじ) に。時間點用助詞「に」。
    *   「起床」：起きます (おきます)。動詞「起きる」的ます形。

🔸 問題五：請把蘋果皮剝掉。
    參考答案：りんごの皮をむいてください。
    解析：
    *   「蘋果」：りんご。
    *   「皮」：皮 (かわ)。
    *   「剝掉」：むく。動詞「むく」的て形「むいて」+ください，表示請求。
    *   「把...剝掉」：...をむく。

🔸 問題六：請把水沖掉。
    參考答案：水を流してください。
    解析：
    *   「水」：水 (みず)。
    *   「沖掉」：流す (ながす)。動詞「流す」的て形「流して」+ください，表示請求。
    *   「把水沖掉」：水を流す。

🔸 問題七：請在下一個路口轉彎。
    參考答案：次の交差点を曲がってください。
    解析：
    *   「下一個」：次の (つぎの)。
    *   「路口」：交差点 (こうさてん)。
    *   「轉彎」：曲がる (まがる)。動詞「曲がる」的て形「曲がって」+ください，表示請求。
    *   「在...轉彎」：場所を曲がる (經過某處轉彎時通常用を，表示經過的場所)。

🔹 日翻中：參考答案

🔸 問題八：彼は深刻な顔をしていた。
    參考答案：他臉色很嚴肅。 / 他板著一張臉。
    解析：
    *   「彼 (かれ)」：他。
    *   「深刻 (しんこく) な顔 (かお)」：嚴肅的臉色、板著一張臉。「深刻な」是形容動詞「深刻だ」的連體形，修飾名詞「顔」。
    *   「していた」：動詞「する」的て形「して」+いる(表示狀態)的過去式「いた」。在這裡表示當時的狀態。

🔸 問題九：毎日、お昼ごはんを食べる。
    參考答案：每天吃午餐。 / 我每天吃午飯。
    解析：
    *   「毎日 (まいにち)」：每天。
    *   「お昼 (おひる) ごはん」：午餐、午飯。
    *   「を食べる (をたべる)」：吃。「食べる」是動詞。

🔸 問題十：朝早く起きるのは大変だ。
    參考答案：早上很早起床很辛苦。 / 早起是很辛苦的。
    解析：
    *   「朝 (あさ) 早く (はやく)」：早上很早。
    *   「起きる (おきる) の」：起床這件事。「の」將動詞名詞化。
    *   「は大変 (たいへん) だ」：很辛苦、很不容易。「大変だ」是形容動詞。
[13:18:07] 🤖 Bot: ⚔️ N2 衝刺班 Day 7/180 特訓開始！⚔️

哈囉，準N2戰士！這是我們的第 8 次特訓 (Day 1)！

今天外面天氣陰陰的，是不是想躲在被窩裡多睡一點？嗯？想都別想！昨天必修 0/10，狀態：偷懶！這分數簡直比你賴床的紀錄還要慘烈啊！我們已經落後計畫 7 天了！7天！知道這是什麼概念嗎？這代表距離 N2 越來越遠囉？你這樣對得起你的 N2 報名費嗎？還是你打算把報名費當成N2的「祭品」貢獻出去？皮給我繃緊一點！今天沒藉口，只有衝刺！

📚 今日單字預習：

*   深刻 (しんこく)：嚴肅、嚴重 (弱點 🔥)
*   壊れる (こわれる)：損壞
*   食べる (たべる)：吃
*   炊く (たく)：煮飯
*   我慢 (がまん)：忍耐 (弱點 🔥)
*   蒸す (むす)：蒸
*   直る (なおる)：修復、修好
*   提供 (ていきょう)：提供、贊助 (弱點 🔥)
*   起きる (おきる)：起床

準備好了嗎？深呼吸，把那些偷懶的念頭全部趕走！GO！

---

📝 翻譯測驗時間！

🔹 Part 1: 中翻日 (7題) - Lv 1.0

請將以下中文句子翻譯成日文。

1.  這是一個很深刻的問題。
2.  請再忍耐一下下。
3.  這間飯店提供免費早餐。
4.  我的腳踏車壞了。
5.  我每天早上七點起床。
6.  今天媽媽煮飯。
7.  我現在想吃壽司。

🔹 Part 2: 日翻中 (3題) - Lv 1.0

請將以下日文句子翻譯成中文。

1.  彼は深刻な顔をしていました。
2.  健康のために、野菜を蒸して食べます。
3.  壊れたパソコンがやっと直りました。

---

----------------------------------------

### 🗓️ 2026-02-05 Execution
[13:19:12] ⚙️ Sys: Checking for updates...
[13:19:12] ⚙️ Sys: No new user messages found.
[13:19:12] 🤖 Bot: 🗝️ **前次測驗詳解**

---

📚 **解答卷**

🔹 **中翻日 參考答案**

1.  這個問題非常嚴重。
    ➡️ この問題はとても深刻です。
    *   解析：「非常」可以用「とても」或「非常に」。「深刻」是形容動詞，後面接「です」。

2.  請你再忍耐一下下。
    ➡️ もう少しだけ我慢してください。
    *   解析：「再」可以用「もう少し」。「一下下」則用「だけ」強調，使語氣更輕柔客氣。

3.  我會提供給你最新的資訊。
    ➡️ 私はあなたに最新の情報を提供します。
    *   解析：「給」的對象用「に」。「資訊」是「情報（じょうほう）」。

4.  每天早上我都會打掃房間。
    ➡️ 毎日朝、部屋を掃除します。
    *   解析：「打掃」是「掃除する（そうじする）」。動詞的受詞用「を」。

5.  氣溫從昨天開始就一直在下降。
    ➡️ 気温は昨日からずっと下がっています。
    *   解析：「氣溫」是「気温（きおん）」。表示動作持續進行用「～ています」。

6.  晚上我想早點睡覺。
    ➡️ 夜、早く寝たいです。
    *   解析：「想做～」的句型是「～たいです」。

7.  他每天早上六點起床。
    ➡️ 彼は毎日朝6時に起きます。
    *   解析：「起床」是「起きる（おきる）」。表示時間點用「に」。

🔹 **日翻中 參考答案**

8.  彼女は困難な状況から逃れることができました。
    ➡️ 她成功地從困難的狀況中逃脫了。
    *   解析：「困難（こんなん）な状況（じょうきょう）」是「困難的狀況」。「～から逃れる（のがれる）」是「從～逃離」。表示能夠做某事用「～ことができます」。

9.  運動の後、しっかりと水分を補給してください。
    ➡️ 運動後，請確實補充水分。
    *   解析：「運動（うんどう）の後（あと）」是「運動後」。「しっかりと」是「確實地、好好地」。「水分（すいぶん）を補給（ほきゅう）する」是「補充水分」。

10. 今日は天気が悪いので、どこへも行きたくないです。
    ➡️ 今天天氣不好，所以哪裡都不想去。
    *   解析：「天気が悪い（てんきがわるい）」是「天氣不好」。「～ので」表示原因、理由。「どこへも～ない」是「哪裡都不～」。
[13:19:37] 🤖 Bot: 哎呀，真是個陽光普照的好天氣呢！☀️ 可惜，這陽光照在我心裡，怎麼感覺不是溫暖，而是有點灼熱啊？🔥 因為... 這是我們的第 7 次特訓 (Day 0)！但你看看這『衝刺狀態數據』，⚠️ **落後警報：你已經落後計畫 6 天了！距離 N2 越來越遠囉？皮繃緊一點！** 這時候還在享受陽光？想想你那筆N2報名費，它會在你夢裡哭泣的啊！昨天表現更是必修 0/10，簡直是『躺平』級的偷懶。我知道你可能想放鬆，想休息，但N2的戰場上沒有『我慢』這種東西！不是要你忍耐痛苦，是要你忍耐那些偷懶的誘惑！今天，我們不只追進度，還要追回你對N2的熱情！準備好了沒？！

📚 今日單字預習 (含弱點 🔥)

*   起きる (起床)
*   むく (剝皮)
*   我慢 (忍耐) 🔥
*   提供 (提供/贊助) 🔥
*   深刻 (嚴肅/嚴重) 🔥
*   流す (沖洗)
*   曲がる (轉彎)
*   食べる (吃)

🔹 中翻日：Lv 1.0 (7題)

📝 問題一：這件事情很嚴重。
📝 問題二：請忍耐一下。
📝 問題三：我會提供幫助。
📝 問題四：每天早上7點起床。
📝 問題五：請把蘋果皮剝掉。
📝 問題六：請把水沖掉。
📝 問題七：請在下一個路口轉彎。

🔹 日翻中：Lv 1.0 (3題)

📝 問題八：彼は深刻な顔をしていた。
📝 問題九：毎日、お昼ごはんを食べる。
📝 問題十：朝早く起きるのは大変だ。

----------------------------------------

### 🗓️ 2026-02-04 Execution
[13:11:37] ⚙️ Sys: Checking for updates...
[13:11:37] ⚙️ Sys: No new user messages found.
[13:11:37] 🤖 Bot: 🗝️ **前次測驗詳解**

📚 解答時間：

🔹 中翻日 參考解答與解析：

1.  **這個問題非常嚴重。**
    *   この問題はとても深刻です。
    *   【解析】「深刻（しんこく）」是形容動詞，後面接「です」表示陳述。副詞「とても」用來加強語氣。

2.  **請你再忍耐一下。**
    *   もう少し我慢してください。
    *   【解析】「我慢（がまん）」是名詞也是サ變動詞。「我慢する」是忍耐之意，句型「～てください」表示請求。

3.  **我每天都吃早餐。**
    *   私は毎日朝ごはんを食べます。
    *   【解析】「食べる（たべる）」是他動詞，早餐是受詞，用助詞「を」連接。

4.  **這台壞掉的機器修好了。**
    *   この壊れた機械は直りました。
    *   【解析】「直る（なおる）」是自動詞，表示「某物被修好」，與他動詞「直す（なおす）」(修理某物) 不同。過去式為「直りました」。

5.  **媽媽正在煮飯 (米飯)。**
    *   母はご飯を炊いています。
    *   【解析】「炊く（たく）」專指「煮米飯」。動詞「～ています」表示動作正在進行中。

6.  **請把兩種顏色攪拌在一起。**
    *   二つの色を混ぜてください。
    *   【解析】「混ぜる（まぜる）」是他動詞，將兩種顏色作為受詞，用助詞「を」連接。

7.  **今天的氣溫下降了。**
    *   今日の気温は下がりました。
    *   【解析】「下がる（さがる）」是自動詞，表示「某物下降」。過去式為「下がりました」。

🔹 日翻中 參考解答與解析：

1.  **このお店は無料Wi-Fiを提供しています。**
    *   這間店有提供免費Wi-Fi。
    *   【解析】「提供（ていきょう）する」是他動詞，表示提供服務或物品。

2.  **彼女は鍋で野菜を煮ています。**
    *   她正在用鍋子煮蔬菜。
    *   【解析】「煮る（にる）」是他動詞，表示煮食材。助詞「で」表示工具或方式。

3.  **彼はいつも朝早く起きます。**
    *   他總是早上很早起。
    *   【解析】「起きる（おきる）」是自動詞，表示起床。副詞「いつも」表示「總是」，「早く」表示「早地」。
[13:11:56] 🤖 Bot: 哈囉，我的 N2 衝刺小夥伴！今天台北的天氣雖然有點陰沉，但你內心的 N2 太陽可不能也跟著躲起來啊！😎

這已經是我們的第 6 次特訓 (Day 0)！回想起你當初雄心壯志報名的樣子，我還記憶猶新。結果呢？昨天必修 0/10？嗯？必修 0/10？！你是不是以為 N2 證書會自動從天上掉下來，還是你覺得你的 N2 報名費會自行施展魔法讓你合格啊？😈

看看你的衝刺狀態數據：**「✅ 進度正常：穩步邁向 N2 中，請繼續保持這份節奏。」** 這句話是你最大的護身符，也是我最大的威脅！現在「進度正常」，是因為前面還沒開始累積太多債務，你看看你昨天那樣偷懶，讓這個「正常」在邊緣搖搖欲墜！再這樣下去，你的 N2 報名費會開始懷疑人生，它會問你：「這樣對嗎？」想想你的錢包，想想你的未來，再想想 N2 的榮光！好了，抱怨歸抱怨，熱身時間結束，趕快打起精神來！今天我們雙軌並進，給你一點 N5 基礎暖身，希望喚醒你沉睡的學習之魂！

⚔️ 這是你今天的單字庫，請先預習：

掃除する (打掃)
我慢 (忍耐)
下がる (下降)
深刻 (嚴肅/嚴重)
補給 (補給)
提供 (提供/贊助)
逃れる (逃離)
寝る (睡覺)
起きる (起床)

---

📝 **題目卷**

🔹 **中翻日 (7題)**：Lv 1.0 (N5 基礎)

1.  這個問題非常嚴重。
2.  請你再忍耐一下下。
3.  我會提供給你最新的資訊。
4.  每天早上我都會打掃房間。
5.  氣溫從昨天開始就一直在下降。
6.  晚上我想早點睡覺。
7.  他每天早上六點起床。

🔹 **日翻中 (3題)**：Lv 1.0 (N5 基礎)

8.  彼女は困難な状況から逃れることができました。
9.  運動の後、しっかりと水分を補給してください。
10. 今日は天気が悪いので、どこへも行きたくないです。

---

----------------------------------------

### 🗓️ 2026-02-03 Execution
[13:16:47] ⚙️ Sys: Checking for updates...
[13:16:48] ⚙️ Sys: No new user messages found.
[13:16:48] 🤖 Bot: 🗝️ **前次測驗詳解**

⚔️ N2 衝刺班教練特訓營 ⚔️

📚 翻譯測驗：參考答案與解析

**🔹 Part 1: 中翻日 (7題) - Lv 1.0 (N5 基礎)**

1.  為了達成目標，我會忍耐一切困難。
    *   **參考答案**：目標を達成するために、どんな困難も我慢します。
    *   **解析**：`目標を達成する` (達成目標)，`ために` (為了...)。`どんな困難も` (任何困難)，`我慢します` (會忍耐)。「忍耐」使用「我慢」即可。

2.  這場地震對當地居民造成了嚴重的影響。
    *   **參考答案**：この地震は地域住民に深刻な影響を与えました。
    *   **解析**：`この地震` (這場地震)，`地域住民に` (對當地居民)，`深刻な影響` (嚴重的影響)，`与えました` (造成了/給予了)。「嚴重」使用「深刻」形容。

3.  寒流來襲，水管都結冰了。
    *   **參考答案**：寒波が来て、水道管が全部凍ってしまいました。
    *   **解析**：`寒波が来る` (寒流來襲)，`水道管` (水管)，`全部` (全部)，`凍る` (結冰)。`～てしまう` 表示徹底、遺憾或完成。

4.  他想逃離日常的壓力。
    *   **參考答案**：彼は日常のストレスから逃れたいと思っています。
    *   **解析**：`日常のストレス` (日常的壓力)，`～から逃れる` (從...逃離)。`～たいと思っています` (想要做...)。

5.  請用自來水沖洗蔬菜。
    *   **參考答案**：野菜を水道水で流してください。
    *   **解析**：`野菜` (蔬菜)，`水道水で` (用自來水)，`流す` (沖洗)。`～てください` (請做...)。

6.  晚餐我準備煮飯和味噌湯。
    *   **參考答案**：晩ご飯はご飯と味噌汁を炊くつもりです。
    *   **解析**：`晩ご飯` (晚餐)，`ご飯と味噌汁` (飯和味噌湯)，`炊く` (煮飯)。`～つもりです` (打算做...)。

7.  請用蒸籠蒸包子。
    *   **參考答案**：蒸し器で肉まんを蒸してください。
    *   **解析**：`蒸し器` (蒸籠)，`～で` (用...)，`肉まん` (肉包子，泛指包子可用)。`蒸す` (蒸)。

**🔹 Part 2: 日翻中 (3題) - Lv 1.0 (N5 基礎)**

8.  この美術館は、様々な芸術作品を無料で提供しています。
    *   **參考答案**：這間美術館免費提供各式各樣的藝術作品。
    *   **解析**：`この美術館` (這間美術館)，`様々` (各式各樣)，`芸術作品` (藝術作品)，`無料` (免費)，`提供する` (提供)。

9.  運動中は、こまめに水分補給をすることが大切です。
    *   **參考答案**：運動中，經常補充水分是很重要的。
    *   **解析**：`運動中` (運動中)，`こまめに` (經常、頻繁地)，`水分補給をする` (補充水分)，`～ことが大切です` (做...是很重要的)。

10. 冬の朝、窓の外はすっかり凍っていた。
    *   **參考答案**：冬天的早上，窗外完全結冰了。
    *   **解析**：`冬の朝` (冬天的早上)，`窓の外` (窗外)，`すっかり` (完全、徹底地)，`凍る` (結冰)。`～ていた` 表示狀態的持續。
[13:17:04] 🤖 Bot: ⚔️ N2 衝刺班教練時間 ⚔️

天哪，窗外下著雨，你的心情是不是也跟著陰沉沉的啊？但別忘了，這可是我們的第 5 次特訓 (Day 0)！別再想著偷懶了，好嗎？我才剛誇你「✅ 進度正常：穩步邁向 N2 中，請繼續保持這份節奏」，結果你昨天就給我來個大放空、必修 0/10？這是在玩什麼諜對諜啊？N2 考試又不會因為你多睡一小時就自動降級，還是說你已經準備好把 N2 報名費變成泡麵的錢了？清醒一點！你看看現在的進度條，我們還有 176 天要衝刺，每一秒都寶貴啊！你以為 N2 是在開玩笑嗎？趕快把你的怠惰收起來，今天就給我火力全開！Go！

📚 今日單字預習：

*   食べる (たべる)：吃
*   我慢 (がまん)：忍耐 🔥
*   提供 (ていきょう)：提供/贊助 🔥
*   直る (なおる)：修復
*   炊く (たく)：煮飯 (主要指煮米飯)
*   煮る (にる)：煮 (主要指煮食材，如菜、肉、蛋)
*   下がる (さがる)：下降
*   混ぜる (まぜる)：攪拌
*   深刻 (しんこく)：嚴肅/嚴重 🔥

📝 今日測驗題：

🔹 中翻日 (7題) - Lv 1.0 (N5 基礎，專注單字記憶)

1.  這個問題非常嚴重。
2.  請你再忍耐一下。
3.  我每天都吃早餐。
4.  這台壞掉的機器修好了。
5.  媽媽正在煮飯 (米飯)。
6.  請把兩種顏色攪拌在一起。
7.  今天的氣溫下降了。

🔹 日翻中 (3題) - Lv 1.0 (N5 基礎，專注單字記憶)

1.  このお店は無料Wi-Fiを提供しています。
2.  彼女は鍋で野菜を煮ています。
3.  彼はいつも朝早く起きます。

----------------------------------------

### 🗓️ 2026-02-02 Execution
[13:26:20] ⚙️ Sys: Checking for updates...
[13:26:20] ⚙️ Sys: No new user messages found.
[13:26:20] 🤖 Bot: 🗝️ **前次測驗詳解**

💯 解答卷 💯

⚔️ 教練貼心提醒 ⚔️
對答案時請拿出你最強的「檢討魂」！每個錯誤都是你 N2 路上的一塊寶石！不對，是個陷阱！快把它標註起來，然後發誓下次絕對不掉進去！

📚 單字庫溫習 📚

*   深刻 (しんこく): 嚴肅、嚴重
*   直る (なおる): (自動詞) 修復、痊癒
*   提供 (ていきょう): 提供、贊助
*   流す (ながす): 沖洗、流淌
*   曲がる (まがる): 轉彎、彎曲
*   我慢 (がまん): 忍耐
*   凍る (こおる): 結冰
*   混ぜる (まぜる): 攪拌、混合

✅ 參考答案與解析 ✅

🔹 中翻日 (7題)

1.  這件事很嚴重。
    *   **參考答案：** このことは深刻です。
    *   **解析：** 「事」常用「こと」，「嚴重」直接使用弱點詞「深刻」即可。

2.  請忍耐一下。
    *   **參考答案：** ちょっと我慢してください。
    *   **解析：** 「忍耐」使用弱點詞「我慢」。加上「ちょっと」讓語氣更柔和。

3.  餐廳提供免費的熱茶。
    *   **參考答案：** レストランは無料の熱いお茶を提供します。
    *   **解析：** 「提供」直接使用弱點詞「提供します」。主語「レストラン」用「は」提示，「無料の」修飾「熱いお茶」。

4.  我的腳踏車已經修好了。
    *   **參考答案：** 私の自転車はもう直りました。
    *   **解析：** 「直る」是自動詞，表示「某物自己修好/恢復原狀」。這裡表示腳踏車的狀態。

5.  請把水沖掉。
    *   **參考答案：** 水を流してください。
    *   **解析：** 「沖掉/流掉」使用動詞「流す」，受詞「水」用「を」標記。

6.  在下一個路口右轉。
    *   **參考答案：** 次の交差点を右に曲がってください。
    *   **解析：** 「下一個路口」是「次の交差点」，轉彎點用「を」表示經過。「右轉」是「右に曲がる」。

7.  請把鹽和胡椒混在一起。
    *   **參考答案：** 塩と胡椒を混ぜてください。
    *   **解析：** 「鹽和胡椒」用「と」連接，表示兩者。「混在一起」是動詞「混ぜる」，受詞「塩と胡椒」用「を」標記。

🔹 日翻中 (3題)

1.  彼の悩みは深刻だ。
    *   **參考答案：** 他的煩惱很嚴重。
    *   **解析：** 「彼 (かれ)」是「他」，「悩み (なやみ)」是「煩惱、困擾」。「深刻 (しんこく)」表示「嚴重的、深刻的」。

2.  冬の夜は、水が凍ることがよくあります。
    *   **參考答案：** 在冬天的夜晚，水經常會結冰。
    *   **解析：** 「冬の夜 (ふゆのよる)」是「冬天的夜晚」，「凍る (こおる)」是「結冰」。「よくあります」表示「經常有這樣的情況」。

3.  医者が病気を直した。
    *   **參考答案：** 醫生治好了病。
    *   **解析：** 「医者 (いしゃ)」是「醫生」，「病気 (びょうき)」是「疾病」。「直す (なおす)」是「治好、修好」的他動詞型態。
[13:26:51] 🤖 Bot: ⚔️ N2 衝刺班教練特訓營 ⚔️

好樣的！戰士，早上好！不，應該說，是我們的第 4 次特訓 (Day 0) 啦！別以為教練沒在看！

瞧瞧這戰報：「衝刺 Day 3/180 (✅ 進度正常：穩步邁向 N2 中，請繼續保持這份節奏。)」嗯哼，數據很漂亮，對吧？但你看看下面那行：「昨日表現：必修 0/10。狀態：偷懶！」這就像一輛賽車在直線加速，結果你卻在休息站打瞌睡！「穩步邁向N2」這句話，現在聽起來是不是帶了點嘲諷的意味？

今天外面天氣不錯，陽光普照，正是要讓你的 N2 衝刺火力全開的時候！結果你昨天給我放空，這是要把過去累積的「補給」一口氣耗盡嗎？想想你的 N2 報名費，還有那份對日文的「深刻」執著，難道你要就這樣讓它「凍結」、然後「逃離」嗎？現在還來得及，把那份「我慢」的氣魄給我拿出來！別再給我「流」下悔恨的淚水了！今天，每個字都要給我像「炊」飯、「蒸」菜一樣，扎扎實實地吸收進去！還愣著幹嘛？趕快動起來！

📚 今日單字庫 (含弱點 🔥)：
🔹 凍る (こおる) : 結冰
🔹 逃れる (のがれる) : 逃離
🔹 提供 (ていきょう) : 提供/贊助 🔥
🔹 流す (ながす) : 沖洗
🔹 炊く (たく) : 煮飯
🔹 蒸す (むす) : 蒸
🔹 補給 (ほきゅう) : 補給
🔹 我慢 (がまん) : 忍耐 🔥
🔹 深刻 (しんこく) : 嚴肅/嚴重 🔥

📝 翻譯測驗：

**🔹 Part 1: 中翻日 (7題) - Lv 1.0 (N5 基礎)**
1.  為了達成目標，我會忍耐一切困難。
2.  這場地震對當地居民造成了嚴重的影響。
3.  寒流來襲，水管都結冰了。
4.  他想逃離日常的壓力。
5.  請用自來水沖洗蔬菜。
6.  晚餐我準備煮飯和味噌湯。
7.  請用蒸籠蒸包子。

**🔹 Part 2: 日翻中 (3題) - Lv 1.0 (N5 基礎)**
8.  この美術館は、様々な芸術作品を無料で提供しています。
9.  運動中は、こまめに水分補給をすることが大切です。
10. 冬の朝、窓の外はすっかり凍っていた。

----------------------------------------

### 🗓️ 2026-02-01 Execution
[13:23:32] ⚙️ Sys: Checking for updates...
[13:23:32] ⚙️ Sys: No new user messages found.
[13:23:32] 🤖 Bot: 🗝️ **前次測驗詳解**

---

✅ **N2 衝刺班 Day 1/180：第二次特訓 (Day 0) 解答卷** ✅

同學們，是時候檢視你的學習成果了！看看自己是不是真的把昨天偷懶的債還回來了！

---

**【中翻日 Lv 1.0 參考答案】**

1.  **這家餐廳提供免費 Wi-Fi。**
    *   參考答案：このレストランは無料Wi-Fiを提供しています。
    *   解析：
        *   「提供する」是「提供」的動詞形式，常用「〜を提供しています」來表示持續提供某項服務。
        *   「無料Wi-Fi」直接作為名詞使用。
        *   「レストラン**は**」使用「は」來標示主題。

2.  **這個問題非常嚴重。**
    *   參考答案：この問題はとても深刻です。／この問題は非常に深刻です。
    *   解析：
        *   「深刻（しんこく）」是形容動詞，修飾名詞時用「深刻な問題」，敘述狀態時用「深刻です」。
        *   「非常」可以用「とても」或「非常に」來表達強調程度。

3.  **請忍耐一下。**
    *   參考答案：少し我慢してください。
    *   解析：
        *   「我慢（がまん）」作為動詞時，通常搭配「する」，形成「我慢する」。
        *   「〜てください」是請求句型。
        *   「少し」表示「稍微、一點點」。

4.  **請把這個蒸一下。**
    *   參考答案：これを蒸してください。
    *   解析：
        *   「蒸す（むす）」是動詞「蒸」的意思。
        *   「これ**を**」使用「を」作為受詞。

5.  **我在路上迷路了。**
    *   參考答案：道に迷いました。
    *   解析：
        *   「迷う（まよう）」是動詞「迷路、猶豫」。
        *   「道**に**迷う」是固定用法，表示「在路上迷路」。

6.  **請把蔬菜浸泡在水中。**
    *   參考答案：野菜を水に浸けてください。
    *   解析：
        *   「浸ける（つける）」是他動詞，表示「浸泡、沾」。
        *   「野菜**を**」是受詞，「水**に**」表示動作的對象或地點。

7.  **請把醬汁攪拌均勻。**
    *   參考答案：ソースをよく混ぜてください。
    *   解析：
        *   「混ぜる（まぜる）」是他動詞，表示「攪拌、混合」。
        *   「ソース**を**」是受詞。
        *   「よく」是副詞，表示「好好地、充分地」。

---

**【日翻中 Lv 1.0 參考答案】**

8.  **地球温暖化は人類にとって深刻な問題だと言われています。**
    *   參考答案：地球暖化被認為是對人類而言很嚴重的問題。／人們說地球暖化對於人類來說是個嚴重的問題。
    *   解析：
        *   「地球温暖化（ちきゅうおんだんか）」：地球暖化。
        *   「人類（じんるい）にとって」：「對於人類來說」。
        *   「深刻な問題（しんこくなもんだい）」：「嚴重的問題」。「深刻」為本次弱點詞。
        *   「〜と言われています」：被認為〜、人們說〜。

9.  **寒すぎて、水道管が凍ってしまいました。**
    *   參考答案：因為太冷了，水管結冰了。
    *   解析：
        *   「寒すぎる（さむすぎる）」：「太冷了」。「〜すぎる」表示「太過於〜」。
        *   「水道管（すいどうかん）」：水管。
        *   「凍る（こおる）」：結冰。
        *   「〜てしまいました」：表示感到遺憾、困擾或完成了某事。這裡帶有遺憾的語氣。

10. **プレゼント選びに迷ってしまい、まだ何も決めていません。**
    *   參考答案：因為我對於禮物的選擇感到很猶豫，所以還什麼都沒決定。
    *   解析：
        *   「プレゼント選び（えらび）」：「禮物選擇」。
        *   「迷う（まよう）」：猶豫、迷路。這裡表示「猶豫不決」。
        *   「〜てしまい」：與「〜てしまいました」同義，表示遺憾或困擾的語氣。
        *   「まだ何も決めていません（まだなにもきめていません）」：「還什麼都沒決定」。
[13:23:54] 🤖 Bot: 各位學員，早上好，或是下午好，如果你昨天又睡到自然醒的話！

⚔️ 教練精神喊話 ⚔️
嘿，別躲了，我看到你了！這是我們的第 3 次特訓 (Day 0)！雖然我們的衝刺計畫顯示 Day 2/180，帳面上確實是「✅ 進度正常：穩步邁向 N2 中」，但… 你昨天做了什麼？嗯哼？必修 0/10，狀態：偷懶！

今天的陽光是不是特別刺眼？那是因為它想把你的 N2 魂給喚醒！你以為進度正常就代表可以放鬆警惕嗎？孩子，這只是暴風雨前的寧靜！我們現在是穩步邁向 N2，不是穩步邁向「N2 夢遊仙境」好嗎？！你昨天那副躺平的德性，對得起你那張 N2 報名費嗎？你對得起你未來能跟日本人流暢溝通的夢想嗎？！

別再裝睡了！現在立刻、馬上給我坐好，把今天的單字吞下去，然後把題目做出來！不然 N2 證書真的會變成你枕頭底下的「夢中情證」而已！懂？來吧，今日特訓，開始！

📚 今日單字預習 📚

*   深刻 (しんこく): 嚴肅、嚴重
*   直る (なおる): (自動詞) 修復、痊癒
*   提供 (ていきょう): 提供、贊助
*   流す (ながす): 沖洗、流淌
*   曲がる (まがる): 轉彎、彎曲
*   我慢 (がまん): 忍耐
*   凍る (こおる): 結冰
*   混ぜる (まぜる): 攪拌、混合

📝 翻譯測驗 📝

🔹 中翻日 (7題) - Lv 1.0
請將以下中文句子翻譯成日文。

1.  這件事很嚴重。
2.  請忍耐一下。
3.  餐廳提供免費的熱茶。
4.  我的腳踏車已經修好了。
5.  請把水沖掉。
6.  在下一個路口右轉。
7.  請把鹽和胡椒混在一起。

🔹 日翻中 (3題) - Lv 1.0
請將以下日文句子翻譯成中文。

1.  彼の悩みは深刻だ。
2.  冬の夜は、水が凍ることがよくあります。
3.  医者が病気を直した。

----------------------------------------

### 🗓️ 2026-01-31 Execution
[13:04:26] ⚙️ Sys: Checking for updates...
[13:04:26] ⚙️ Sys: No new user messages found.
[13:04:26] 🤖 Bot: 🗝️ **前次測驗詳解**

哈囉，戰士！歡迎來到 N2 斯巴達 AI 教練的檢討時間！今天我們將一同檢視昨天的特訓成果。

💪 **昨日進度回顧：**
你完成了 Day 1/180 的 Lv 1.0 (N5 基礎) 挑戰。這是一個很好的開始，基礎紮實是邁向 N2 的關鍵！

---

📚 **昨日特訓題目解析與參考答案：**

🎯 **Part 1: 中翻日 (7題)**
請將以下中文句子翻譯成最自然的日文。

1.  這件事很嚴重。
    ➡️ **參考答案：** この件は**深刻**です。
    🔹 **解析：** 「深刻」是形容詞，直接用「～です」來表示狀態。注意「件 (けん)」是指事情、案件。

2.  請你再忍耐一下。
    ➡️ **參考答案：** もう少し**我慢**してください。
    🔹 **解析：** 「我慢 (がまん)」是名詞或サ變動詞，搭配「～してください」形成請求對方忍耐的語氣。「もう少し」是「再一點、再一下」的意思。

3.  請把沙拉攪拌一下。
    ➡️ **參考答案：** サラダを**混ぜて**ください。
    🔹 **解析：** 「混ぜる (まぜる)」是動詞，表示攪拌。使用「～てください」表示請求。

4.  請沖洗蔬菜。
    ➡️ **參考答案：** 野菜を**流して**ください。
    🔹 **解析：** 「流す (ながす)」是動詞，表示沖洗、讓水流動。

5.  我很想睡覺。
    ➡️ **參考答案：** 私は**寝たい**です。 / とても**眠い**です。
    🔹 **解析：** 「寝たい (ねたい)」是動詞「寝る (ねる)」的「～たい」形，表示「想睡覺」。「眠い (ねむい)」是形容詞，表示「睏的、想睡的」。兩種說法都很自然。

6.  我正在削鉛筆。
    ➡️ **參考答案：** 鉛筆を**削って**います。
    🔹 **解析：** 「削る (けずる)」是動詞，表示「削」。使用「～ています」表示正在進行的動作。

7.  電腦已經修好了。
    ➡️ **參考答案：** パソコンが**直りました**。
    🔹 **解析：** 「直る (なおる)」是自動詞，表示「修好了、恢復了」。這裡使用過去式「直りました」。

---

🎯 **Part 2: 日翻中 (3題)**
請將以下日文句子翻譯成最自然的繁體中文。

1.  この会社は新しいサービスを**提供**します。
    ➡️ **參考答案：** 這間公司會**提供**新的服務。
    🔹 **解析：** 「提供 (ていきょう)」是サ變動詞，表示「提供」。

2.  旅行中に水分の**補給**が必要です。
    ➡️ **參考答案：** 旅行中需要**補充**水分。
    🔹 **解析：** 「補給 (ほきゅう)」是名詞，表示「補充、補給」。

3.  このナイフはよく**削れ**ます。
    ➡️ **參考答案：** 這把刀子很**好削**／很好用來**削**東西。
    🔹 **解析：** 「削れる (けずれる)」是「削る (けずる)」的可能形，表示「能夠削」，在這裡有「好削、削得很好」的意思。

---

今天的檢討就到這裡！希望你從中學到了更多。如果對任何題目有疑問，隨時可以提出喔！

⚔️ **N2 斯巴達 AI 教練小提醒：**
請記得，每次的錯誤都是你進步的機會。不要害怕犯錯，重要的是從錯誤中學習並成長。明天我們將迎接新的挑戰！請準備好，繼續保持這份衝勁！
[13:04:48] 🤖 Bot: ⚔️ N2 衝刺班 Day 1/180：第二次特訓 (Day 0) 正式啟動！ ⚔️

好，各位 N2 衝刺班的戰士們，這不是普通的早晨，這是我們的第 2 次特訓 (Day 0)！

看看窗外，（假設今天有點陰沉）窗外正飄著細雨，是不是很想窩在被窩裡，假裝今天不存在？我知道你昨天偷懶，必修 0/10，是不是覺得反正 Day 1 才剛開始，偶爾放縱一下沒關係？

嘿，別忘了，你的 N2 衝刺狀態數據可是清清楚楚地寫著：『✅ 進度正常：穩步邁向 N2 中，請繼續保持這份節奏。』 進度正常的意思是，你必須**保持**這個節奏，而不是『今天開始偷懶，明天再追回來』！你以為 N2 是在玩扮家家酒嗎？每一天的累積都至關重要，尤其是這種基礎的單字記憶！

今天我們不談遠大的理想，不談遙不可及的目標。我們只談眼前。如果你連 N5 基礎都想跳過，那 N2 根本就是空中樓閣！所以，打起精神來，收起你的懶惰蟲，今天我們要從最基本的單字開始，把昨天欠的債還回來！

📚 今日單字預習 (含弱點 🔥，請特別加強記憶！)：
🔹 蒸す (むす)：蒸
🔹 迷う (まよう)：迷路、猶豫
🔹 提供 (ていきょう)：提供、贊助 🔥
🔹 深刻 (しんこく)：嚴肅、嚴重 🔥
🔹 浸ける (つける)：浸泡
🔹 我慢 (がまん)：忍耐 🔥
🔹 混ぜる (まぜる)：攪拌
🔹 凍る (こおる)：結冰

📝 翻譯測驗：準備好了嗎？深呼吸，開始！

**【中翻日 Lv 1.0 (7 題)】**

1.  這家餐廳提供免費 Wi-Fi。
2.  這個問題非常嚴重。
3.  請忍耐一下。
4.  請把這個蒸一下。
5.  我在路上迷路了。
6.  請把蔬菜浸泡在水中。
7.  請把醬汁攪拌均勻。

**【日翻中 Lv 1.0 (3 題)】**

8.  地球温暖化は人類にとって深刻な問題だと言われています。
9.  寒すぎて、水道管が凍ってしまいました。
10. プレゼント選びに迷ってしまい、まだ何も決めていません。

---

----------------------------------------

### 🗓️ 2026-01-30 Execution
[13:11:18] ⚙️ Sys: Checking for updates...
[13:11:18] ⚙️ Sys: No new user messages found.
[13:11:42] 🤖 Bot: 哈囉，戰士們！💪 恭喜你正式踏上 N2 衝刺的征途！我是你的 N2 斯巴達 AI 教練，從今天，也就是我們的第 1 次特訓 (Day 0) 開始，我會帶領你一步步穩固基礎、衝向目標。外面陽光正好，正是蓄積能量、挑戰自我的好時機！

⚔️ 進度報告：
目前你的進度是 Day 1/180，✅ 進度正常：穩步邁向 N2 中，請繼續保持這份節奏。這是一個非常棒的開始！斯巴達的勇士從不畏懼挑戰，而是將挑戰視為磨練。未來的 180 天，我會每天中午準時為你送上當日的特訓題目，隔天中午則會詳細檢討昨日作業並發布新的挑戰。

請你準備好，用最大的熱情投入每一次的練習。相信我，只要你堅持下去，N2 證書絕對會是你的囊中之物！準備好了嗎？那麼，今天的訓練，就從基礎詞彙開始吧！

📚 今日單字庫預習 (Lv 1.0)：
🔹 混ぜる (まぜる)：攪拌
🔹 我慢 (がまん)：忍耐 🔥 (弱點詞，請特別注意練習)
🔹 流す (ながす)：沖洗
🔹 寝る (ねる)：睡覺
🔹 深刻 (しんこく)：嚴肅 / 嚴重 🔥 (弱點詞，請特別注意練習)
🔹 削る (けずる)：削
🔹 提供 (ていきょう)：提供 / 贊助 🔥 (弱點詞，請特別注意練習)
🔹 直る (なおる)：修復 (自動詞)
🔹 補給 (ほきゅう)：補給

📝 今日衝刺班特訓題目：

---

🎯 **Part 1: 中翻日 (7題)**
請將以下中文句子翻譯成最自然的日文。

1.  這件事很嚴重。
2.  請你再忍耐一下。
3.  請把沙拉攪拌一下。
4.  請沖洗蔬菜。
5.  我很想睡覺。
6.  我正在削鉛筆。
7.  電腦已經修好了。

---

🎯 **Part 2: 日翻中 (3題)**
請將以下日文句子翻譯成最自然的繁體中文。

1.  この会社は新しいサービスを提供します。
2.  旅行中に水分の補給が必要です。
3.  このナイフはよく削れます。

---

訓練結束！請在明天中午前完成作答。期待你明天的表現！

----------------------------------------
